Traceback (most recent call last):
  File "C:\Users\SV STORE\Downloads\Research SP500\lab\chay_bench_quan_tri.py", line 429, in <module>
    raise SystemExit(main())
                     ~~~~^^
  File "C:\Users\SV STORE\Downloads\Research SP500\lab\chay_bench_quan_tri.py", line 399, in main
    r = chay(lay("--ma", "US500Cash"), lay("--khung", "H1"),
             int(lay("--vao", "0")), int(lay("--vao-n", "20")),
             "--nhanh" in sys.argv, lay("--tu", "2016.01.01"),
             lay("--den", "2026.07.29"), float(lay("--lot", "1.0")))
  File "C:\Users\SV STORE\Downloads\Research SP500\lab\chay_bench_quan_tri.py", line 129, in chay
    return _trong_khoa(symbol, khung, vao_kieu, vao_n, nhanh, tu, den, lot)
  File "C:\Users\SV STORE\Downloads\Research SP500\lab\chay_bench_quan_tri.py", line 181, in _trong_khoa
    src.write_text(nguon.read_text(encoding="utf-8"), encoding="utf-8")
    ~~~~~~~~~~~~~~^^^^^^^^^^^^^^^^^^^^^^^^^^^^^^^^^^^^^^^^^^^^^^^^^^^^^
  File "C:\Python314\Lib\pathlib\__init__.py", line 809, in write_text
    with self.open(mode='w', encoding=encoding, errors=errors, newline=newline) as f:
         ~~~~~~~~~^^^^^^^^^^^^^^^^^^^^^^^^^^^^^^^^^^^^^^^^^^^^^^^^^^^^^^^^^^^^^
  File "C:\Python314\Lib\pathlib\__init__.py", line 771, in open
    return io.open(self, mode, buffering, encoding, errors, newline)
           ~~~~~~~^^^^^^^^^^^^^^^^^^^^^^^^^^^^^^^^^^^^^^^^^^^^^^^^^^
FileNotFoundError: [Errno 2] No such file or directory: 'C:\\Users\\SV STORE\\AppData\\Roaming\\MetaQuotes\\Terminal\\656C351524AFFE300FAFE576FA4C7845\\MQL5\\Experts\\QuanTriBench.mq5'
