=== ME 1 | 0s ===
  400 ban HTML tho
  ... 100/400  (6s)
  ... 200/400  (10s)
  ... 300/400  (13s)
  ... 400/400  (14s)
  {"ban": 385, "rong": 15, "loi": 0, "ky_tu_goc": 210262310, "ky_tu_moi": 5432007, "giay": 15.4, "giam_lan": 38.7}
=== ME 2 | 51s ===
  400 ban HTML tho
  ... 100/400  (5s)
  ... 200/400  (8s)
  ... 300/400  (11s)
  ... 400/400  (12s)
  {"ban": 395, "rong": 5, "loi": 0, "ky_tu_goc": 145899415, "ky_tu_moi": 3286785, "giay": 13.0, "giam_lan": 44.4}
=== ME 3 | 95s ===
  400 ban HTML tho
  ... 100/400  (3s)
  ... 200/400  (4s)
  ... 300/400  (6s)
  ... 400/400  (7s)
  {"ban": 388, "rong": 12, "loi": 0, "ky_tu_goc": 125206066, "ky_tu_moi": 2088430, "giay": 7.6, "giam_lan": 60.0}
=== ME 4 | 133s ===
  400 ban HTML tho
  ... 100/400  (5s)
  ... 200/400  (6s)
  ... 300/400  (8s)
  ... 400/400  (10s)
  {"ban": 374, "rong": 26, "loi": 0, "ky_tu_goc": 113594962, "ky_tu_moi": 1387009, "giay": 10.3, "giam_lan": 81.9}
=== ME 5 | 170s ===
  400 ban HTML tho
  ... 100/400  (3s)
  ... 200/400  (5s)
  ... 300/400  (6s)
  ... 400/400  (8s)
  {"ban": 328, "rong": 72, "loi": 0, "ky_tu_goc": 105286735, "ky_tu_moi": 689317, "giay": 8.8, "giam_lan": 152.7}
=== ME 6 | 199s ===
  400 ban HTML tho
  ... 100/400  (3s)
  ... 200/400  (4s)
  ... 300/400  (5s)
  ... 400/400  (6s)
  {"ban": 147, "rong": 253, "loi": 0, "ky_tu_goc": 97922142, "ky_tu_moi": 216548, "giay": 6.3, "giam_lan": 452.2}
=== ME 7 | 220s ===
  400 ban HTML tho
  ... 100/400  (3s)
  ... 200/400  (4s)
  ... 300/400  (5s)
  ... 400/400  (6s)
  {"ban": 29, "rong": 371, "loi": 0, "ky_tu_goc": 92306388, "ky_tu_moi": 142886, "giay": 7.0, "giam_lan": 646.0}
=== ME 8 | 236s ===
  400 ban HTML tho
  ... 100/400  (2s)
  ... 200/400  (4s)
  ... 300/400  (5s)
  ... 400/400  (5s)
  {"ban": 155, "rong": 245, "loi": 0, "ky_tu_goc": 62624768, "ky_tu_moi": 1700565, "giay": 5.5, "giam_lan": 36.8}
=== ME 9 | 247s ===
  400 ban HTML tho
  ... 100/400  (2s)
  ... 200/400  (3s)
  ... 300/400  (4s)
  ... 400/400  (4s)
  {"ban": 398, "rong": 2, "loi": 0, "ky_tu_goc": 26214262, "ky_tu_moi": 2015808, "giay": 4.6, "giam_lan": 13.0}
=== ME 10 | 257s ===
  400 ban HTML tho
  ... 100/400  (2s)
  ... 200/400  (2s)
  ... 300/400  (3s)
  ... 400/400  (3s)
  {"ban": 397, "rong": 3, "loi": 0, "ky_tu_goc": 23969977, "ky_tu_moi": 1286875, "giay": 3.8, "giam_lan": 18.6}
=== ME 11 | 264s ===
  217 ban HTML tho
  ... 100/217  (1s)
  ... 200/217  (2s)
  {"ban": 161, "rong": 56, "loi": 0, "ky_tu_goc": 5988362, "ky_tu_moi": 694032, "giay": 1.8, "giam_lan": 8.6}
=== ME 12 | 267s ===
  10 ban HTML tho
  {"ban": 9, "rong": 1, "loi": 0, "ky_tu_goc": 50046, "ky_tu_moi": 13332, "giay": 0.6, "giam_lan": 3.8}
=== ME 13 | 269s ===
  0 ban HTML tho
  {"ban": 0, "rong": 0, "loi": 0}
TONG: {"ban": 3166, "rong": 1061, "loi": 0, "giay": 270.7}
