================================================================================================
CAU 1 + 3 — nua dau / nua sau, va vang co khac hang xom khong
================================================================================================
ma              nhom             het   nua dau   nua sau   o duong   so o
------------------------------------------------------------------------------------------------
XAUUSD          VANG           2.29%     3.77%     0.39%       83%     12
XM_GOLD         VANG           1.67%     2.51%    -0.69%       92%     12
XAUUSDM         VANG          -1.74%    -1.96%    -5.35%        0%     12
XM_SILVER       VANG          -0.19%    -0.61%    -1.58%       42%     12
EURUSD          doi chung      2.32%     8.43%    -0.22%      100%     12
GBPUSD          doi chung     -0.52%    -0.51%    -1.16%        0%     12
USDJPY          doi chung      1.13%     3.90%    -1.39%      100%     12
AUDUSD          doi chung     -0.48%    -1.41%    -1.29%        8%     12
XM_US500CASH    doi chung     -5.12%    -5.38%    -7.35%        0%     12
XM_US100CASH    doi chung     -3.72%    -6.89%    -0.76%        8%     12
XM_GER40CASH    doi chung     -3.13%    -2.08%    -9.00%        0%     12
AUDCAD          doi chung     -0.71%    -1.22%    -1.20%        0%     12
EURGBP          doi chung     -0.64%    -1.02%    -1.55%        0%     12
NZDCAD          doi chung     -0.80%    -1.22%    -1.96%        0%     12

================================================================================================
CAU 2 — PLACEBO: tren gia gia no co con lai khong
================================================================================================
ma                    that   dao dau  xao khoi  ket luan
------------------------------------------------------------------------------------------------
XAUUSD               2.29%     0.17%    -1.53%  TACH khoi placebo
XM_GOLD              1.67%     0.99%    -3.46%  TACH khoi placebo
XAUUSDM             -1.74%    -2.76%    -0.38%  khong tach - nghi an drift
XM_SILVER           -0.19%     0.97%    -1.56%  khong tach - nghi an drift
EURUSD               2.32%     2.38%     1.01%  khong tach - nghi an drift
GBPUSD              -0.52%    -0.55%    -1.54%  TACH khoi placebo
USDJPY               1.13%     0.54%     1.69%  khong tach - nghi an drift
AUDUSD              -0.48%    -0.62%     0.21%  khong tach - nghi an drift

-> reports/QT_KIEM_VANG.json (56s)
