40 ma, khung D1, 88 bo luat
   1/40 AUDCAD        88 dong  (0 phut)
   2/40 AUDCHF        88 dong  (0 phut)
   3/40 AUDJPY        88 dong  (0 phut)
   4/40 AUDNZD        88 dong  (0 phut)
   5/40 AUDUSD        88 dong  (1 phut)
   6/40 CADCHF        88 dong  (1 phut)
   7/40 CADJPY        88 dong  (1 phut)
   8/40 CHFHUF        88 dong  (1 phut)
   9/40 CHFJPY        88 dong  (1 phut)
  10/40 DE40          88 dong  (1 phut)
  19/40 EURAUD        88 dong  (1 phut)
  20/40 EURCAD        88 dong  (1 phut)
  21/40 EURCHF        88 dong  (1 phut)
  22/40 EURCZK        88 dong  (1 phut)
  23/40 EURDKK        88 dong  (1 phut)
  24/40 EURGBP        88 dong  (2 phut)
  25/40 EURHKD        88 dong  (2 phut)
  26/40 EURHUF        88 dong  (2 phut)
  27/40 EURILS        88 dong  (2 phut)
  28/40 EURJPY        88 dong  (2 phut)
  29/40 EURMXN        88 dong  (2 phut)
  30/40 EURNOK        88 dong  (2 phut)
  31/40 EURNZD        88 dong  (2 phut)
  32/40 EURPLN        88 dong  (2 phut)
  33/40 EURRUB        88 dong  (2 phut)
  34/40 EURRUR        88 dong  (2 phut)
  35/40 EURSEK        88 dong  (2 phut)
  36/40 EURTRY        88 dong  (2 phut)
  37/40 EURUSD        85 dong  (3 phut)
  38/40 EURZAR        88 dong  (3 phut)
  39/40 GBPAUD        88 dong  (3 phut)
  40/40 GBPCAD        88 dong  (3 phut)

32/40 ma DO DUOC, 8 bo qua: {"thieu cot ['open', 'high', 'low']": 8}

ho              so_ma   so_o    o>moc       hinh    o>mua-giu  
luoi_dca           32    288      76% cao_nguyen          38%
tia                32    160      51%     lo_cho          12%
trailing           32    800      45%     lo_cho          13%
hue_trailing       32    800      44%     lo_cho          13%
dat_hue            32    160      36%     lo_cho          12%
thoi_gian          32    128      34%     lo_cho          11%
stop_2_dau         31     93      33%     lo_cho           4%
tt_stop_doi        32     96      31%     lo_cho           8%
tp_co_dinh         32    160      21%     lo_cho           8%
hedge              32     96      10%    cai_gai          10%
