SAN NGUON NGOAI cho ho QUAN TRI LENH
75 tu khoa x 3 nguon (uu tien ngon ngu <= 1)
   cap   15: audcad grid trading
   en    16: hedging expert advisor forex
   ru    15: хеджирование советник форекс
   ja    14: 両建て EA 自動売買
   zh    15: 对冲 EA 外汇
   pt    12: hedge robô forex metatrader
   es    12: cobertura forex asesor experto
   de    12: Hedging Expert Advisor Forex
   tr    11: hedge uzman danışman forex
   id    10: hedging robot forex ea
   ko     9: 헤지 자동매매 EA
   ar     7: التحوط المستشار الخبير فوركس
   fr     7: couverture robot forex metatrader
   it     7: copertura expert advisor forex
   th     7: เฮดจ์ EA ฟอเร็กซ์
   vi    13: hedge ea forex

github             tim    2 · MOI    0 · 282.3s
tradingview_pine   tim  554 · MOI  102 · 176.6s
lean_algo          tim 1000 · MOI    0 ·  39.8s

tong tai lieu MOI vao kho: 102
buoc sau: `b boc` de doc va boc co che tu chung
