=== ME 1 | con ton 827 | 0 phut ===
   {"xem": 20, "khop_mau": 5, "thu_lai": 5, "sua_duoc": 0, "bo_cuoc": 0, "van_sai": 5, "mang_hong": 5, "chan_mang": true}
  bi bop toc do -> nghi 600 giay roi di tiep
=== ME 2 | con ton 827 | 11 phut ===
   {"xem": 20, "khop_mau": 5, "thu_lai": 5, "sua_duoc": 0, "bo_cuoc": 0, "van_sai": 5, "mang_hong": 5, "chan_mang": true}
  bi bop toc do -> nghi 600 giay roi di tiep
=== ME 3 | con ton 827 | 21 phut ===
   {"xem": 20, "khop_mau": 5, "thu_lai": 5, "sua_duoc": 0, "bo_cuoc": 0, "van_sai": 5, "mang_hong": 5, "chan_mang": true}
  bi bop toc do -> nghi 600 giay roi di tiep
=== ME 4 | con ton 827 | 32 phut ===
   {"xem": 20, "khop_mau": 5, "thu_lai": 5, "sua_duoc": 0, "bo_cuoc": 0, "van_sai": 5, "mang_hong": 5, "chan_mang": true}
  bi bop toc do -> nghi 600 giay roi di tiep
=== ME 5 | con ton 827 | 42 phut ===
   {"xem": 20, "khop_mau": 5, "thu_lai": 5, "sua_duoc": 0, "bo_cuoc": 0, "van_sai": 5, "mang_hong": 5, "chan_mang": true}
  bi bop toc do -> nghi 600 giay roi di tiep
=== ME 6 | con ton 827 | 53 phut ===
   {"xem": 20, "khop_mau": 5, "thu_lai": 5, "sua_duoc": 0, "bo_cuoc": 0, "van_sai": 5, "mang_hong": 5, "chan_mang": true}
  bi bop toc do -> nghi 600 giay roi di tiep
=== ME 7 | con ton 763 | 64 phut ===
   {"xem": 73, "khop_mau": 45, "thu_lai": 40, "sua_duoc": 39, "bo_cuoc": 1, "van_sai": 1}
=== ME 8 | con ton 613 | 70 phut ===
   {"xem": 64, "khop_mau": 19, "thu_lai": 13, "sua_duoc": 7, "bo_cuoc": 0, "van_sai": 6, "mang_hong": 5, "chan_mang": true}
  bi bop toc do -> nghi 600 giay roi di tiep
=== ME 9 | con ton 585 | 82 phut ===
   {"xem": 95, "khop_mau": 47, "thu_lai": 40, "sua_duoc": 36, "bo_cuoc": 0, "van_sai": 4, "mang_hong": 4}
=== ME 10 | con ton 472 | 88 phut ===
   {"xem": 113, "khop_mau": 48, "thu_lai": 40, "sua_duoc": 40, "bo_cuoc": 0, "van_sai": 0}
=== ME 11 | con ton 406 | 95 phut ===
   {"xem": 135, "khop_mau": 50, "thu_lai": 40, "sua_duoc": 40, "bo_cuoc": 0, "van_sai": 0}
=== ME 12 | con ton 357 | 102 phut ===
   {"xem": 145, "khop_mau": 50, "thu_lai": 40, "sua_duoc": 39, "bo_cuoc": 0, "van_sai": 1}
=== ME 13 | con ton 313 | 108 phut ===
   {"xem": 118, "khop_mau": 16, "thu_lai": 5, "sua_duoc": 0, "bo_cuoc": 0, "van_sai": 5, "mang_hong": 5, "chan_mang": true}
  bi bop toc do -> nghi 600 giay roi di tiep
=== ME 14 | con ton 264 | 119 phut ===
   {"xem": 160, "khop_mau": 48, "thu_lai": 37, "sua_duoc": 34, "bo_cuoc": 0, "van_sai": 3, "mang_hong": 3}
=== ME 15 | con ton 223 | 125 phut ===
   {"xem": 135, "khop_mau": 21, "thu_lai": 10, "sua_duoc": 5, "bo_cuoc": 0, "van_sai": 5, "mang_hong": 5, "chan_mang": true}
  bi bop toc do -> nghi 600 giay roi di tiep
=== ME 16 | con ton 217 | 136 phut ===
   {"xem": 130, "khop_mau": 16, "thu_lai": 5, "sua_duoc": 0, "bo_cuoc": 0, "van_sai": 5, "mang_hong": 5, "chan_mang": true}
  bi bop toc do -> nghi 600 giay roi di tiep
=== ME 17 | con ton 217 | 147 phut ===
   {"xem": 130, "khop_mau": 16, "thu_lai": 5, "sua_duoc": 0, "bo_cuoc": 0, "van_sai": 5, "mang_hong": 5, "chan_mang": true}
  bi bop toc do -> nghi 600 giay roi di tiep
=== ME 18 | con ton 217 | 158 phut ===
   {"xem": 136, "khop_mau": 22, "thu_lai": 11, "sua_duoc": 6, "bo_cuoc": 0, "van_sai": 5, "mang_hong": 5, "chan_mang": true}
  bi bop toc do -> nghi 600 giay roi di tiep
=== ME 19 | con ton 152 | 169 phut ===
   {"xem": 136, "khop_mau": 14, "thu_lai": 2, "sua_duoc": 0, "bo_cuoc": 0, "van_sai": 2, "mang_hong": 2}
=== ME 20 | con ton 151 | 170 phut ===
   {"xem": 136, "khop_mau": 14, "thu_lai": 2, "sua_duoc": 0, "bo_cuoc": 0, "van_sai": 2, "mang_hong": 2}
=== ME 21 | con ton 151 | 171 phut ===
   {"xem": 136, "khop_mau": 14, "thu_lai": 2, "sua_duoc": 0, "bo_cuoc": 0, "van_sai": 2, "mang_hong": 2}
=== ME 22 | con ton 151 | 172 phut ===
   {"xem": 136, "khop_mau": 14, "thu_lai": 2, "sua_duoc": 0, "bo_cuoc": 0, "van_sai": 2, "mang_hong": 2}
=== ME 23 | con ton 151 | 172 phut ===
   {"xem": 136, "khop_mau": 14, "thu_lai": 2, "sua_duoc": 0, "bo_cuoc": 0, "van_sai": 2, "mang_hong": 2}
=== ME 24 | con ton 151 | 173 phut ===
   {"xem": 136, "khop_mau": 14, "thu_lai": 2, "sua_duoc": 0, "bo_cuoc": 0, "van_sai": 2, "mang_hong": 2}
=== ME 25 | con ton 151 | 174 phut ===
   {"xem": 136, "khop_mau": 14, "thu_lai": 2, "sua_duoc": 0, "bo_cuoc": 0, "van_sai": 2, "mang_hong": 2}
=== ME 26 | con ton 151 | 175 phut ===
   {"xem": 136, "khop_mau": 14, "thu_lai": 2, "sua_duoc": 0, "bo_cuoc": 0, "van_sai": 2, "mang_hong": 2}
=== ME 27 | con ton 151 | 176 phut ===
   {"xem": 136, "khop_mau": 14, "thu_lai": 2, "sua_duoc": 0, "bo_cuoc": 0, "van_sai": 2, "mang_hong": 2}
=== ME 28 | con ton 151 | 176 phut ===
   {"xem": 136, "khop_mau": 14, "thu_lai": 2, "sua_duoc": 0, "bo_cuoc": 0, "van_sai": 2, "mang_hong": 2}
=== ME 29 | con ton 151 | 177 phut ===
   {"xem": 136, "khop_mau": 14, "thu_lai": 2, "sua_duoc": 0, "bo_cuoc": 0, "van_sai": 2, "mang_hong": 2}
=== ME 30 | con ton 151 | 178 phut ===
   {"xem": 136, "khop_mau": 14, "thu_lai": 2, "sua_duoc": 0, "bo_cuoc": 0, "van_sai": 2, "mang_hong": 2}
=== ME 31 | con ton 151 | 179 phut ===
   {"xem": 136, "khop_mau": 14, "thu_lai": 2, "sua_duoc": 0, "bo_cuoc": 0, "van_sai": 2, "mang_hong": 2}
=== ME 32 | con ton 151 | 180 phut ===
   {"xem": 136, "khop_mau": 14, "thu_lai": 2, "sua_duoc": 0, "bo_cuoc": 0, "van_sai": 2, "mang_hong": 2}
=== ME 33 | con ton 151 | 180 phut ===
   {"xem": 136, "khop_mau": 14, "thu_lai": 2, "sua_duoc": 0, "bo_cuoc": 0, "van_sai": 2, "mang_hong": 2}
=== ME 34 | con ton 149 | 181 phut ===
   {"xem": 134, "khop_mau": 12, "thu_lai": 0, "sua_duoc": 0, "bo_cuoc": 0, "van_sai": 0}
me rong -> dung
TONG: {"thu_lai": 346, "sua_duoc": 246, "bo_cuoc": 1, "van_sai": 100, "me": 34, "con_ton": 149, "phut": 181.3}
