=== ME 1 | con ton 864 | 0 phut ===
   {"xem": 44, "khop_mau": 25, "thu_lai": 25, "sua_duoc": 20, "bo_cuoc": 0, "van_sai": 5}
=== ME 2 | con ton 844 | 1 phut ===
   {"xem": 45, "khop_mau": 25, "thu_lai": 25, "sua_duoc": 17, "bo_cuoc": 0, "van_sai": 8, "mang_hong": 3}
=== ME 3 | con ton 827 | 1 phut ===
   {"xem": 20, "khop_mau": 5, "thu_lai": 5, "sua_duoc": 0, "bo_cuoc": 0, "van_sai": 5, "mang_hong": 5, "chan_mang": true}
=== ME 4 | con ton 827 | 1 phut ===
   {"xem": 20, "khop_mau": 5, "thu_lai": 5, "sua_duoc": 0, "bo_cuoc": 0, "van_sai": 5, "mang_hong": 5, "chan_mang": true}
=== ME 5 | con ton 827 | 2 phut ===
   {"xem": 20, "khop_mau": 5, "thu_lai": 5, "sua_duoc": 0, "bo_cuoc": 0, "van_sai": 5, "mang_hong": 5, "chan_mang": true}
=== ME 6 | con ton 827 | 2 phut ===
   {"xem": 20, "khop_mau": 5, "thu_lai": 5, "sua_duoc": 0, "bo_cuoc": 0, "van_sai": 5, "mang_hong": 5, "chan_mang": true}
=== ME 7 | con ton 827 | 2 phut ===
   {"xem": 20, "khop_mau": 5, "thu_lai": 5, "sua_duoc": 0, "bo_cuoc": 0, "van_sai": 5, "mang_hong": 5, "chan_mang": true}
=== ME 8 | con ton 827 | 2 phut ===
   {"xem": 20, "khop_mau": 5, "thu_lai": 5, "sua_duoc": 0, "bo_cuoc": 0, "van_sai": 5, "mang_hong": 5, "chan_mang": true}
=== ME 9 | con ton 827 | 2 phut ===
   {"xem": 20, "khop_mau": 5, "thu_lai": 5, "sua_duoc": 0, "bo_cuoc": 0, "van_sai": 5, "mang_hong": 5, "chan_mang": true}
=== ME 10 | con ton 827 | 2 phut ===
   {"xem": 20, "khop_mau": 5, "thu_lai": 5, "sua_duoc": 0, "bo_cuoc": 0, "van_sai": 5, "mang_hong": 5, "chan_mang": true}
=== ME 11 | con ton 827 | 2 phut ===
   {"xem": 20, "khop_mau": 5, "thu_lai": 5, "sua_duoc": 0, "bo_cuoc": 0, "van_sai": 5, "mang_hong": 5, "chan_mang": true}
=== ME 12 | con ton 827 | 2 phut ===
   {"xem": 20, "khop_mau": 5, "thu_lai": 5, "sua_duoc": 0, "bo_cuoc": 0, "van_sai": 5, "mang_hong": 5, "chan_mang": true}
=== ME 13 | con ton 827 | 2 phut ===
   {"xem": 20, "khop_mau": 5, "thu_lai": 5, "sua_duoc": 0, "bo_cuoc": 0, "van_sai": 5, "mang_hong": 5, "chan_mang": true}
=== ME 14 | con ton 827 | 2 phut ===
   {"xem": 20, "khop_mau": 5, "thu_lai": 5, "sua_duoc": 0, "bo_cuoc": 0, "van_sai": 5, "mang_hong": 5, "chan_mang": true}
=== ME 15 | con ton 827 | 2 phut ===
   {"xem": 20, "khop_mau": 5, "thu_lai": 5, "sua_duoc": 0, "bo_cuoc": 0, "van_sai": 5, "mang_hong": 5, "chan_mang": true}
=== ME 16 | con ton 827 | 2 phut ===
   {"xem": 20, "khop_mau": 5, "thu_lai": 5, "sua_duoc": 0, "bo_cuoc": 0, "van_sai": 5, "mang_hong": 5, "chan_mang": true}
=== ME 17 | con ton 827 | 3 phut ===
   {"xem": 20, "khop_mau": 5, "thu_lai": 5, "sua_duoc": 0, "bo_cuoc": 0, "van_sai": 5, "mang_hong": 5, "chan_mang": true}
=== ME 18 | con ton 827 | 3 phut ===
   {"xem": 20, "khop_mau": 5, "thu_lai": 5, "sua_duoc": 0, "bo_cuoc": 0, "van_sai": 5, "mang_hong": 5, "chan_mang": true}
=== ME 19 | con ton 827 | 3 phut ===
   {"xem": 20, "khop_mau": 5, "thu_lai": 5, "sua_duoc": 0, "bo_cuoc": 0, "van_sai": 5, "mang_hong": 5, "chan_mang": true}
=== ME 20 | con ton 827 | 3 phut ===
   {"xem": 20, "khop_mau": 5, "thu_lai": 5, "sua_duoc": 0, "bo_cuoc": 0, "van_sai": 5, "mang_hong": 5, "chan_mang": true}
=== ME 21 | con ton 827 | 3 phut ===
   {"xem": 20, "khop_mau": 5, "thu_lai": 5, "sua_duoc": 0, "bo_cuoc": 0, "van_sai": 5, "mang_hong": 5, "chan_mang": true}
=== ME 22 | con ton 827 | 3 phut ===
   {"xem": 20, "khop_mau": 5, "thu_lai": 5, "sua_duoc": 0, "bo_cuoc": 0, "van_sai": 5, "mang_hong": 5, "chan_mang": true}
=== ME 23 | con ton 827 | 3 phut ===
   {"xem": 20, "khop_mau": 5, "thu_lai": 5, "sua_duoc": 0, "bo_cuoc": 0, "van_sai": 5, "mang_hong": 5, "chan_mang": true}
=== ME 24 | con ton 827 | 3 phut ===
   {"xem": 20, "khop_mau": 5, "thu_lai": 5, "sua_duoc": 0, "bo_cuoc": 0, "van_sai": 5, "mang_hong": 5, "chan_mang": true}
=== ME 25 | con ton 827 | 3 phut ===
   {"xem": 20, "khop_mau": 5, "thu_lai": 5, "sua_duoc": 0, "bo_cuoc": 0, "van_sai": 5, "mang_hong": 5, "chan_mang": true}
=== ME 26 | con ton 827 | 3 phut ===
   {"xem": 20, "khop_mau": 5, "thu_lai": 5, "sua_duoc": 0, "bo_cuoc": 0, "van_sai": 5, "mang_hong": 5, "chan_mang": true}
=== ME 27 | con ton 827 | 3 phut ===
   {"xem": 20, "khop_mau": 5, "thu_lai": 5, "sua_duoc": 0, "bo_cuoc": 0, "van_sai": 5, "mang_hong": 5, "chan_mang": true}
=== ME 28 | con ton 827 | 3 phut ===
   {"xem": 20, "khop_mau": 5, "thu_lai": 5, "sua_duoc": 0, "bo_cuoc": 0, "van_sai": 5, "mang_hong": 5, "chan_mang": true}
=== ME 29 | con ton 827 | 4 phut ===
   {"xem": 20, "khop_mau": 5, "thu_lai": 5, "sua_duoc": 0, "bo_cuoc": 0, "van_sai": 5, "mang_hong": 5, "chan_mang": true}
=== ME 30 | con ton 827 | 4 phut ===
   {"xem": 20, "khop_mau": 5, "thu_lai": 5, "sua_duoc": 0, "bo_cuoc": 0, "van_sai": 5, "mang_hong": 5, "chan_mang": true}
=== ME 31 | con ton 827 | 4 phut ===
   {"xem": 20, "khop_mau": 5, "thu_lai": 5, "sua_duoc": 0, "bo_cuoc": 0, "van_sai": 5, "mang_hong": 5, "chan_mang": true}
=== ME 32 | con ton 827 | 4 phut ===
   {"xem": 20, "khop_mau": 5, "thu_lai": 5, "sua_duoc": 0, "bo_cuoc": 0, "van_sai": 5, "mang_hong": 5, "chan_mang": true}
=== ME 33 | con ton 827 | 4 phut ===
   {"xem": 20, "khop_mau": 5, "thu_lai": 5, "sua_duoc": 0, "bo_cuoc": 0, "van_sai": 5, "mang_hong": 5, "chan_mang": true}
=== ME 34 | con ton 827 | 4 phut ===
   {"xem": 20, "khop_mau": 5, "thu_lai": 5, "sua_duoc": 0, "bo_cuoc": 0, "van_sai": 5, "mang_hong": 5, "chan_mang": true}
=== ME 35 | con ton 827 | 4 phut ===
   {"xem": 20, "khop_mau": 5, "thu_lai": 5, "sua_duoc": 0, "bo_cuoc": 0, "van_sai": 5, "mang_hong": 5, "chan_mang": true}
=== ME 36 | con ton 827 | 4 phut ===
   {"xem": 20, "khop_mau": 5, "thu_lai": 5, "sua_duoc": 0, "bo_cuoc": 0, "van_sai": 5, "mang_hong": 5, "chan_mang": true}
=== ME 37 | con ton 827 | 4 phut ===
   {"xem": 20, "khop_mau": 5, "thu_lai": 5, "sua_duoc": 0, "bo_cuoc": 0, "van_sai": 5, "mang_hong": 5, "chan_mang": true}
=== ME 38 | con ton 827 | 4 phut ===
   {"xem": 20, "khop_mau": 5, "thu_lai": 5, "sua_duoc": 0, "bo_cuoc": 0, "van_sai": 5, "mang_hong": 5, "chan_mang": true}
=== ME 39 | con ton 827 | 4 phut ===
   {"xem": 20, "khop_mau": 5, "thu_lai": 5, "sua_duoc": 0, "bo_cuoc": 0, "van_sai": 5, "mang_hong": 5, "chan_mang": true}
=== ME 40 | con ton 827 | 4 phut ===
   {"xem": 20, "khop_mau": 5, "thu_lai": 5, "sua_duoc": 0, "bo_cuoc": 0, "van_sai": 5, "mang_hong": 5, "chan_mang": true}
=== ME 41 | con ton 827 | 5 phut ===
   {"xem": 20, "khop_mau": 5, "thu_lai": 5, "sua_duoc": 0, "bo_cuoc": 0, "van_sai": 5, "mang_hong": 5, "chan_mang": true}
=== ME 42 | con ton 827 | 5 phut ===
   {"xem": 20, "khop_mau": 5, "thu_lai": 5, "sua_duoc": 0, "bo_cuoc": 0, "van_sai": 5, "mang_hong": 5, "chan_mang": true}
=== ME 43 | con ton 827 | 5 phut ===
   {"xem": 20, "khop_mau": 5, "thu_lai": 5, "sua_duoc": 0, "bo_cuoc": 0, "van_sai": 5, "mang_hong": 5, "chan_mang": true}
=== ME 44 | con ton 827 | 5 phut ===
   {"xem": 20, "khop_mau": 5, "thu_lai": 5, "sua_duoc": 0, "bo_cuoc": 0, "van_sai": 5, "mang_hong": 5, "chan_mang": true}
=== ME 45 | con ton 827 | 5 phut ===
   {"xem": 20, "khop_mau": 5, "thu_lai": 5, "sua_duoc": 0, "bo_cuoc": 0, "van_sai": 5, "mang_hong": 5, "chan_mang": true}
=== ME 46 | con ton 827 | 5 phut ===
   {"xem": 20, "khop_mau": 5, "thu_lai": 5, "sua_duoc": 0, "bo_cuoc": 0, "van_sai": 5, "mang_hong": 5, "chan_mang": true}
=== ME 47 | con ton 827 | 5 phut ===
   {"xem": 20, "khop_mau": 5, "thu_lai": 5, "sua_duoc": 0, "bo_cuoc": 0, "van_sai": 5, "mang_hong": 5, "chan_mang": true}
=== ME 48 | con ton 827 | 5 phut ===
   {"xem": 20, "khop_mau": 5, "thu_lai": 5, "sua_duoc": 0, "bo_cuoc": 0, "van_sai": 5, "mang_hong": 5, "chan_mang": true}
=== ME 49 | con ton 827 | 5 phut ===
   {"xem": 20, "khop_mau": 5, "thu_lai": 5, "sua_duoc": 0, "bo_cuoc": 0, "van_sai": 5, "mang_hong": 5, "chan_mang": true}
=== ME 50 | con ton 827 | 5 phut ===
   {"xem": 20, "khop_mau": 5, "thu_lai": 5, "sua_duoc": 0, "bo_cuoc": 0, "van_sai": 5, "mang_hong": 5, "chan_mang": true}
=== ME 51 | con ton 827 | 5 phut ===
   {"xem": 20, "khop_mau": 5, "thu_lai": 5, "sua_duoc": 0, "bo_cuoc": 0, "van_sai": 5, "mang_hong": 5, "chan_mang": true}
=== ME 52 | con ton 827 | 5 phut ===
   {"xem": 20, "khop_mau": 5, "thu_lai": 5, "sua_duoc": 0, "bo_cuoc": 0, "van_sai": 5, "mang_hong": 5, "chan_mang": true}
=== ME 53 | con ton 827 | 5 phut ===
   {"xem": 20, "khop_mau": 5, "thu_lai": 5, "sua_duoc": 0, "bo_cuoc": 0, "van_sai": 5, "mang_hong": 5, "chan_mang": true}
=== ME 54 | con ton 827 | 6 phut ===
   {"xem": 20, "khop_mau": 5, "thu_lai": 5, "sua_duoc": 0, "bo_cuoc": 0, "van_sai": 5, "mang_hong": 5, "chan_mang": true}
=== ME 55 | con ton 827 | 6 phut ===
   {"xem": 20, "khop_mau": 5, "thu_lai": 5, "sua_duoc": 0, "bo_cuoc": 0, "van_sai": 5, "mang_hong": 5, "chan_mang": true}
=== ME 56 | con ton 827 | 6 phut ===
   {"xem": 20, "khop_mau": 5, "thu_lai": 5, "sua_duoc": 0, "bo_cuoc": 0, "van_sai": 5, "mang_hong": 5, "chan_mang": true}
=== ME 57 | con ton 827 | 6 phut ===
   {"xem": 20, "khop_mau": 5, "thu_lai": 5, "sua_duoc": 0, "bo_cuoc": 0, "van_sai": 5, "mang_hong": 5, "chan_mang": true}
=== ME 58 | con ton 827 | 6 phut ===
   {"xem": 20, "khop_mau": 5, "thu_lai": 5, "sua_duoc": 0, "bo_cuoc": 0, "van_sai": 5, "mang_hong": 5, "chan_mang": true}
=== ME 59 | con ton 827 | 6 phut ===
   {"xem": 20, "khop_mau": 5, "thu_lai": 5, "sua_duoc": 0, "bo_cuoc": 0, "van_sai": 5, "mang_hong": 5, "chan_mang": true}
=== ME 60 | con ton 827 | 6 phut ===
   {"xem": 20, "khop_mau": 5, "thu_lai": 5, "sua_duoc": 0, "bo_cuoc": 0, "van_sai": 5, "mang_hong": 5, "chan_mang": true}
=== ME 61 | con ton 827 | 6 phut ===
   {"xem": 20, "khop_mau": 5, "thu_lai": 5, "sua_duoc": 0, "bo_cuoc": 0, "van_sai": 5, "mang_hong": 5, "chan_mang": true}
=== ME 62 | con ton 827 | 6 phut ===
   {"xem": 20, "khop_mau": 5, "thu_lai": 5, "sua_duoc": 0, "bo_cuoc": 0, "van_sai": 5, "mang_hong": 5, "chan_mang": true}
=== ME 63 | con ton 827 | 6 phut ===
   {"xem": 20, "khop_mau": 5, "thu_lai": 5, "sua_duoc": 0, "bo_cuoc": 0, "van_sai": 5, "mang_hong": 5, "chan_mang": true}
=== ME 64 | con ton 827 | 6 phut ===
   {"xem": 20, "khop_mau": 5, "thu_lai": 5, "sua_duoc": 0, "bo_cuoc": 0, "van_sai": 5, "mang_hong": 5, "chan_mang": true}
=== ME 65 | con ton 827 | 6 phut ===
   {"xem": 20, "khop_mau": 5, "thu_lai": 5, "sua_duoc": 0, "bo_cuoc": 0, "van_sai": 5, "mang_hong": 5, "chan_mang": true}
=== ME 66 | con ton 827 | 7 phut ===
   {"xem": 20, "khop_mau": 5, "thu_lai": 5, "sua_duoc": 0, "bo_cuoc": 0, "van_sai": 5, "mang_hong": 5, "chan_mang": true}
=== ME 67 | con ton 827 | 7 phut ===
   {"xem": 20, "khop_mau": 5, "thu_lai": 5, "sua_duoc": 0, "bo_cuoc": 0, "van_sai": 5, "mang_hong": 5, "chan_mang": true}
=== ME 68 | con ton 827 | 7 phut ===
   {"xem": 20, "khop_mau": 5, "thu_lai": 5, "sua_duoc": 0, "bo_cuoc": 0, "van_sai": 5, "mang_hong": 5, "chan_mang": true}
=== ME 69 | con ton 827 | 7 phut ===
   {"xem": 20, "khop_mau": 5, "thu_lai": 5, "sua_duoc": 0, "bo_cuoc": 0, "van_sai": 5, "mang_hong": 5, "chan_mang": true}
=== ME 70 | con ton 827 | 7 phut ===
   {"xem": 20, "khop_mau": 5, "thu_lai": 5, "sua_duoc": 0, "bo_cuoc": 0, "van_sai": 5, "mang_hong": 5, "chan_mang": true}
=== ME 71 | con ton 827 | 7 phut ===
   {"xem": 20, "khop_mau": 5, "thu_lai": 5, "sua_duoc": 0, "bo_cuoc": 0, "van_sai": 5, "mang_hong": 5, "chan_mang": true}
=== ME 72 | con ton 827 | 7 phut ===
   {"xem": 20, "khop_mau": 5, "thu_lai": 5, "sua_duoc": 0, "bo_cuoc": 0, "van_sai": 5, "mang_hong": 5, "chan_mang": true}
=== ME 73 | con ton 827 | 7 phut ===
   {"xem": 20, "khop_mau": 5, "thu_lai": 5, "sua_duoc": 0, "bo_cuoc": 0, "van_sai": 5, "mang_hong": 5, "chan_mang": true}
=== ME 74 | con ton 827 | 7 phut ===
   {"xem": 20, "khop_mau": 5, "thu_lai": 5, "sua_duoc": 0, "bo_cuoc": 0, "van_sai": 5, "mang_hong": 5, "chan_mang": true}
=== ME 75 | con ton 827 | 7 phut ===
   {"xem": 20, "khop_mau": 5, "thu_lai": 5, "sua_duoc": 0, "bo_cuoc": 0, "van_sai": 5, "mang_hong": 5, "chan_mang": true}
=== ME 76 | con ton 827 | 7 phut ===
   {"xem": 20, "khop_mau": 5, "thu_lai": 5, "sua_duoc": 0, "bo_cuoc": 0, "van_sai": 5, "mang_hong": 5, "chan_mang": true}
=== ME 77 | con ton 827 | 7 phut ===
   {"xem": 20, "khop_mau": 5, "thu_lai": 5, "sua_duoc": 0, "bo_cuoc": 0, "van_sai": 5, "mang_hong": 5, "chan_mang": true}
=== ME 78 | con ton 827 | 8 phut ===
   {"xem": 20, "khop_mau": 5, "thu_lai": 5, "sua_duoc": 0, "bo_cuoc": 0, "van_sai": 5, "mang_hong": 5, "chan_mang": true}
=== ME 79 | con ton 827 | 8 phut ===
   {"xem": 20, "khop_mau": 5, "thu_lai": 5, "sua_duoc": 0, "bo_cuoc": 0, "van_sai": 5, "mang_hong": 5, "chan_mang": true}
=== ME 80 | con ton 827 | 8 phut ===
   {"xem": 20, "khop_mau": 5, "thu_lai": 5, "sua_duoc": 0, "bo_cuoc": 0, "van_sai": 5, "mang_hong": 5, "chan_mang": true}
=== ME 81 | con ton 827 | 8 phut ===
   {"xem": 20, "khop_mau": 5, "thu_lai": 5, "sua_duoc": 0, "bo_cuoc": 0, "van_sai": 5, "mang_hong": 5, "chan_mang": true}
=== ME 82 | con ton 827 | 8 phut ===
   {"xem": 20, "khop_mau": 5, "thu_lai": 5, "sua_duoc": 0, "bo_cuoc": 0, "van_sai": 5, "mang_hong": 5, "chan_mang": true}
=== ME 83 | con ton 827 | 8 phut ===
   {"xem": 20, "khop_mau": 5, "thu_lai": 5, "sua_duoc": 0, "bo_cuoc": 0, "van_sai": 5, "mang_hong": 5, "chan_mang": true}
=== ME 84 | con ton 827 | 8 phut ===
   {"xem": 20, "khop_mau": 5, "thu_lai": 5, "sua_duoc": 0, "bo_cuoc": 0, "van_sai": 5, "mang_hong": 5, "chan_mang": true}
=== ME 85 | con ton 827 | 8 phut ===
   {"xem": 20, "khop_mau": 5, "thu_lai": 5, "sua_duoc": 0, "bo_cuoc": 0, "van_sai": 5, "mang_hong": 5, "chan_mang": true}
=== ME 86 | con ton 827 | 8 phut ===
   {"xem": 20, "khop_mau": 5, "thu_lai": 5, "sua_duoc": 0, "bo_cuoc": 0, "van_sai": 5, "mang_hong": 5, "chan_mang": true}
=== ME 87 | con ton 827 | 8 phut ===
   {"xem": 20, "khop_mau": 5, "thu_lai": 5, "sua_duoc": 0, "bo_cuoc": 0, "van_sai": 5, "mang_hong": 5, "chan_mang": true}
=== ME 88 | con ton 827 | 8 phut ===
   {"xem": 20, "khop_mau": 5, "thu_lai": 5, "sua_duoc": 0, "bo_cuoc": 0, "van_sai": 5, "mang_hong": 5, "chan_mang": true}
=== ME 89 | con ton 827 | 8 phut ===
   {"xem": 20, "khop_mau": 5, "thu_lai": 5, "sua_duoc": 0, "bo_cuoc": 0, "van_sai": 5, "mang_hong": 5, "chan_mang": true}
=== ME 90 | con ton 827 | 9 phut ===
   {"xem": 20, "khop_mau": 5, "thu_lai": 5, "sua_duoc": 0, "bo_cuoc": 0, "van_sai": 5, "mang_hong": 5, "chan_mang": true}
=== ME 91 | con ton 827 | 9 phut ===
   {"xem": 20, "khop_mau": 5, "thu_lai": 5, "sua_duoc": 0, "bo_cuoc": 0, "van_sai": 5, "mang_hong": 5, "chan_mang": true}
=== ME 92 | con ton 827 | 9 phut ===
   {"xem": 20, "khop_mau": 5, "thu_lai": 5, "sua_duoc": 0, "bo_cuoc": 0, "van_sai": 5, "mang_hong": 5, "chan_mang": true}
=== ME 93 | con ton 827 | 9 phut ===
   {"xem": 20, "khop_mau": 5, "thu_lai": 5, "sua_duoc": 0, "bo_cuoc": 0, "van_sai": 5, "mang_hong": 5, "chan_mang": true}
=== ME 94 | con ton 827 | 9 phut ===
   {"xem": 20, "khop_mau": 5, "thu_lai": 5, "sua_duoc": 0, "bo_cuoc": 0, "van_sai": 5, "mang_hong": 5, "chan_mang": true}
=== ME 95 | con ton 827 | 9 phut ===
   {"xem": 20, "khop_mau": 5, "thu_lai": 5, "sua_duoc": 0, "bo_cuoc": 0, "van_sai": 5, "mang_hong": 5, "chan_mang": true}
=== ME 96 | con ton 827 | 9 phut ===
   {"xem": 20, "khop_mau": 5, "thu_lai": 5, "sua_duoc": 0, "bo_cuoc": 0, "van_sai": 5, "mang_hong": 5, "chan_mang": true}
=== ME 97 | con ton 827 | 9 phut ===
   {"xem": 20, "khop_mau": 5, "thu_lai": 5, "sua_duoc": 0, "bo_cuoc": 0, "van_sai": 5, "mang_hong": 5, "chan_mang": true}
=== ME 98 | con ton 827 | 9 phut ===
   {"xem": 20, "khop_mau": 5, "thu_lai": 5, "sua_duoc": 0, "bo_cuoc": 0, "van_sai": 5, "mang_hong": 5, "chan_mang": true}
=== ME 99 | con ton 827 | 9 phut ===
   {"xem": 20, "khop_mau": 5, "thu_lai": 5, "sua_duoc": 0, "bo_cuoc": 0, "van_sai": 5, "mang_hong": 5, "chan_mang": true}
=== ME 100 | con ton 827 | 9 phut ===
   {"xem": 20, "khop_mau": 5, "thu_lai": 5, "sua_duoc": 0, "bo_cuoc": 0, "van_sai": 5, "mang_hong": 5, "chan_mang": true}
=== ME 101 | con ton 827 | 9 phut ===
   {"xem": 20, "khop_mau": 5, "thu_lai": 5, "sua_duoc": 0, "bo_cuoc": 0, "van_sai": 5, "mang_hong": 5, "chan_mang": true}
=== ME 102 | con ton 827 | 10 phut ===
   {"xem": 20, "khop_mau": 5, "thu_lai": 5, "sua_duoc": 0, "bo_cuoc": 0, "van_sai": 5, "mang_hong": 5, "chan_mang": true}
=== ME 103 | con ton 827 | 10 phut ===
   {"xem": 20, "khop_mau": 5, "thu_lai": 5, "sua_duoc": 0, "bo_cuoc": 0, "van_sai": 5, "mang_hong": 5, "chan_mang": true}
=== ME 104 | con ton 827 | 10 phut ===
   {"xem": 20, "khop_mau": 5, "thu_lai": 5, "sua_duoc": 0, "bo_cuoc": 0, "van_sai": 5, "mang_hong": 5, "chan_mang": true}
=== ME 105 | con ton 827 | 10 phut ===
   {"xem": 20, "khop_mau": 5, "thu_lai": 5, "sua_duoc": 0, "bo_cuoc": 0, "van_sai": 5, "mang_hong": 5, "chan_mang": true}
=== ME 106 | con ton 827 | 10 phut ===
   {"xem": 20, "khop_mau": 5, "thu_lai": 5, "sua_duoc": 0, "bo_cuoc": 0, "van_sai": 5, "mang_hong": 5, "chan_mang": true}
=== ME 107 | con ton 827 | 10 phut ===
   {"xem": 20, "khop_mau": 5, "thu_lai": 5, "sua_duoc": 0, "bo_cuoc": 0, "van_sai": 5, "mang_hong": 5, "chan_mang": true}
=== ME 108 | con ton 827 | 10 phut ===
   {"xem": 20, "khop_mau": 5, "thu_lai": 5, "sua_duoc": 0, "bo_cuoc": 0, "van_sai": 5, "mang_hong": 5, "chan_mang": true}
=== ME 109 | con ton 827 | 10 phut ===
   {"xem": 20, "khop_mau": 5, "thu_lai": 5, "sua_duoc": 0, "bo_cuoc": 0, "van_sai": 5, "mang_hong": 5, "chan_mang": true}
=== ME 110 | con ton 827 | 10 phut ===
   {"xem": 20, "khop_mau": 5, "thu_lai": 5, "sua_duoc": 0, "bo_cuoc": 0, "van_sai": 5, "mang_hong": 5, "chan_mang": true}
=== ME 111 | con ton 827 | 10 phut ===
   {"xem": 20, "khop_mau": 5, "thu_lai": 5, "sua_duoc": 0, "bo_cuoc": 0, "van_sai": 5, "mang_hong": 5, "chan_mang": true}
=== ME 112 | con ton 827 | 10 phut ===
   {"xem": 20, "khop_mau": 5, "thu_lai": 5, "sua_duoc": 0, "bo_cuoc": 0, "van_sai": 5, "mang_hong": 5, "chan_mang": true}
=== ME 113 | con ton 827 | 10 phut ===
   {"xem": 20, "khop_mau": 5, "thu_lai": 5, "sua_duoc": 0, "bo_cuoc": 0, "van_sai": 5, "mang_hong": 5, "chan_mang": true}
=== ME 114 | con ton 827 | 11 phut ===
   {"xem": 20, "khop_mau": 5, "thu_lai": 5, "sua_duoc": 0, "bo_cuoc": 0, "van_sai": 5, "mang_hong": 5, "chan_mang": true}
=== ME 115 | con ton 827 | 11 phut ===
   {"xem": 20, "khop_mau": 5, "thu_lai": 5, "sua_duoc": 0, "bo_cuoc": 0, "van_sai": 5, "mang_hong": 5, "chan_mang": true}
=== ME 116 | con ton 827 | 11 phut ===
   {"xem": 20, "khop_mau": 5, "thu_lai": 5, "sua_duoc": 0, "bo_cuoc": 0, "van_sai": 5, "mang_hong": 5, "chan_mang": true}
=== ME 117 | con ton 827 | 11 phut ===
   {"xem": 20, "khop_mau": 5, "thu_lai": 5, "sua_duoc": 0, "bo_cuoc": 0, "van_sai": 5, "mang_hong": 5, "chan_mang": true}
=== ME 118 | con ton 827 | 11 phut ===
   {"xem": 20, "khop_mau": 5, "thu_lai": 5, "sua_duoc": 0, "bo_cuoc": 0, "van_sai": 5, "mang_hong": 5, "chan_mang": true}
=== ME 119 | con ton 827 | 11 phut ===
   {"xem": 20, "khop_mau": 5, "thu_lai": 5, "sua_duoc": 0, "bo_cuoc": 0, "van_sai": 5, "mang_hong": 5, "chan_mang": true}
=== ME 120 | con ton 827 | 11 phut ===
   {"xem": 20, "khop_mau": 5, "thu_lai": 5, "sua_duoc": 0, "bo_cuoc": 0, "van_sai": 5, "mang_hong": 5, "chan_mang": true}
=== ME 121 | con ton 827 | 11 phut ===
   {"xem": 20, "khop_mau": 5, "thu_lai": 5, "sua_duoc": 0, "bo_cuoc": 0, "van_sai": 5, "mang_hong": 5, "chan_mang": true}
=== ME 122 | con ton 827 | 11 phut ===
   {"xem": 20, "khop_mau": 5, "thu_lai": 5, "sua_duoc": 0, "bo_cuoc": 0, "van_sai": 5, "mang_hong": 5, "chan_mang": true}
=== ME 123 | con ton 827 | 11 phut ===
   {"xem": 20, "khop_mau": 5, "thu_lai": 5, "sua_duoc": 0, "bo_cuoc": 0, "van_sai": 5, "mang_hong": 5, "chan_mang": true}
=== ME 124 | con ton 827 | 11 phut ===
   {"xem": 20, "khop_mau": 5, "thu_lai": 5, "sua_duoc": 0, "bo_cuoc": 0, "van_sai": 5, "mang_hong": 5, "chan_mang": true}
=== ME 125 | con ton 827 | 11 phut ===
   {"xem": 20, "khop_mau": 5, "thu_lai": 5, "sua_duoc": 0, "bo_cuoc": 0, "van_sai": 5, "mang_hong": 5, "chan_mang": true}
=== ME 126 | con ton 827 | 12 phut ===
   {"xem": 20, "khop_mau": 5, "thu_lai": 5, "sua_duoc": 0, "bo_cuoc": 0, "van_sai": 5, "mang_hong": 5, "chan_mang": true}
=== ME 127 | con ton 827 | 12 phut ===
   {"xem": 20, "khop_mau": 5, "thu_lai": 5, "sua_duoc": 0, "bo_cuoc": 0, "van_sai": 5, "mang_hong": 5, "chan_mang": true}
=== ME 128 | con ton 827 | 12 phut ===
   {"xem": 20, "khop_mau": 5, "thu_lai": 5, "sua_duoc": 0, "bo_cuoc": 0, "van_sai": 5, "mang_hong": 5, "chan_mang": true}
=== ME 129 | con ton 827 | 12 phut ===
   {"xem": 20, "khop_mau": 5, "thu_lai": 5, "sua_duoc": 0, "bo_cuoc": 0, "van_sai": 5, "mang_hong": 5, "chan_mang": true}
=== ME 130 | con ton 827 | 12 phut ===
   {"xem": 20, "khop_mau": 5, "thu_lai": 5, "sua_duoc": 0, "bo_cuoc": 0, "van_sai": 5, "mang_hong": 5, "chan_mang": true}
=== ME 131 | con ton 827 | 12 phut ===
   {"xem": 20, "khop_mau": 5, "thu_lai": 5, "sua_duoc": 0, "bo_cuoc": 0, "van_sai": 5, "mang_hong": 5, "chan_mang": true}
=== ME 132 | con ton 827 | 12 phut ===
   {"xem": 20, "khop_mau": 5, "thu_lai": 5, "sua_duoc": 0, "bo_cuoc": 0, "van_sai": 5, "mang_hong": 5, "chan_mang": true}
=== ME 133 | con ton 827 | 12 phut ===
   {"xem": 20, "khop_mau": 5, "thu_lai": 5, "sua_duoc": 0, "bo_cuoc": 0, "van_sai": 5, "mang_hong": 5, "chan_mang": true}
=== ME 134 | con ton 827 | 12 phut ===
   {"xem": 20, "khop_mau": 5, "thu_lai": 5, "sua_duoc": 0, "bo_cuoc": 0, "van_sai": 5, "mang_hong": 5, "chan_mang": true}
=== ME 135 | con ton 827 | 12 phut ===
   {"xem": 20, "khop_mau": 5, "thu_lai": 5, "sua_duoc": 0, "bo_cuoc": 0, "van_sai": 5, "mang_hong": 5, "chan_mang": true}
=== ME 136 | con ton 827 | 12 phut ===
   {"xem": 20, "khop_mau": 5, "thu_lai": 5, "sua_duoc": 0, "bo_cuoc": 0, "van_sai": 5, "mang_hong": 5, "chan_mang": true}
=== ME 137 | con ton 827 | 12 phut ===
   {"xem": 20, "khop_mau": 5, "thu_lai": 5, "sua_duoc": 0, "bo_cuoc": 0, "van_sai": 5, "mang_hong": 5, "chan_mang": true}
=== ME 138 | con ton 827 | 13 phut ===
   {"xem": 20, "khop_mau": 5, "thu_lai": 5, "sua_duoc": 0, "bo_cuoc": 0, "van_sai": 5, "mang_hong": 5, "chan_mang": true}
=== ME 139 | con ton 827 | 13 phut ===
   {"xem": 20, "khop_mau": 5, "thu_lai": 5, "sua_duoc": 0, "bo_cuoc": 0, "van_sai": 5, "mang_hong": 5, "chan_mang": true}
=== ME 140 | con ton 827 | 13 phut ===
   {"xem": 20, "khop_mau": 5, "thu_lai": 5, "sua_duoc": 0, "bo_cuoc": 0, "van_sai": 5, "mang_hong": 5, "chan_mang": true}
=== ME 141 | con ton 827 | 13 phut ===
   {"xem": 20, "khop_mau": 5, "thu_lai": 5, "sua_duoc": 0, "bo_cuoc": 0, "van_sai": 5, "mang_hong": 5, "chan_mang": true}
=== ME 142 | con ton 827 | 13 phut ===
   {"xem": 20, "khop_mau": 5, "thu_lai": 5, "sua_duoc": 0, "bo_cuoc": 0, "van_sai": 5, "mang_hong": 5, "chan_mang": true}
=== ME 143 | con ton 827 | 13 phut ===
   {"xem": 20, "khop_mau": 5, "thu_lai": 5, "sua_duoc": 0, "bo_cuoc": 0, "van_sai": 5, "mang_hong": 5, "chan_mang": true}
=== ME 144 | con ton 827 | 13 phut ===
   {"xem": 20, "khop_mau": 5, "thu_lai": 5, "sua_duoc": 0, "bo_cuoc": 0, "van_sai": 5, "mang_hong": 5, "chan_mang": true}
=== ME 145 | con ton 827 | 13 phut ===
   {"xem": 20, "khop_mau": 5, "thu_lai": 5, "sua_duoc": 0, "bo_cuoc": 0, "van_sai": 5, "mang_hong": 5, "chan_mang": true}
=== ME 146 | con ton 827 | 13 phut ===
   {"xem": 20, "khop_mau": 5, "thu_lai": 5, "sua_duoc": 0, "bo_cuoc": 0, "van_sai": 5, "mang_hong": 5, "chan_mang": true}
=== ME 147 | con ton 827 | 13 phut ===
   {"xem": 20, "khop_mau": 5, "thu_lai": 5, "sua_duoc": 0, "bo_cuoc": 0, "van_sai": 5, "mang_hong": 5, "chan_mang": true}
=== ME 148 | con ton 827 | 13 phut ===
   {"xem": 20, "khop_mau": 5, "thu_lai": 5, "sua_duoc": 0, "bo_cuoc": 0, "van_sai": 5, "mang_hong": 5, "chan_mang": true}
=== ME 149 | con ton 827 | 13 phut ===
   {"xem": 20, "khop_mau": 5, "thu_lai": 5, "sua_duoc": 0, "bo_cuoc": 0, "van_sai": 5, "mang_hong": 5, "chan_mang": true}
=== ME 150 | con ton 827 | 13 phut ===
   {"xem": 20, "khop_mau": 5, "thu_lai": 5, "sua_duoc": 0, "bo_cuoc": 0, "van_sai": 5, "mang_hong": 5, "chan_mang": true}
=== ME 151 | con ton 827 | 14 phut ===
   {"xem": 20, "khop_mau": 5, "thu_lai": 5, "sua_duoc": 0, "bo_cuoc": 0, "van_sai": 5, "mang_hong": 5, "chan_mang": true}
=== ME 152 | con ton 827 | 14 phut ===
   {"xem": 20, "khop_mau": 5, "thu_lai": 5, "sua_duoc": 0, "bo_cuoc": 0, "van_sai": 5, "mang_hong": 5, "chan_mang": true}
=== ME 153 | con ton 827 | 14 phut ===
   {"xem": 20, "khop_mau": 5, "thu_lai": 5, "sua_duoc": 0, "bo_cuoc": 0, "van_sai": 5, "mang_hong": 5, "chan_mang": true}
=== ME 154 | con ton 827 | 14 phut ===
   {"xem": 20, "khop_mau": 5, "thu_lai": 5, "sua_duoc": 0, "bo_cuoc": 0, "van_sai": 5, "mang_hong": 5, "chan_mang": true}
=== ME 155 | con ton 827 | 14 phut ===
   {"xem": 20, "khop_mau": 5, "thu_lai": 5, "sua_duoc": 0, "bo_cuoc": 0, "van_sai": 5, "mang_hong": 5, "chan_mang": true}
=== ME 156 | con ton 827 | 14 phut ===
   {"xem": 20, "khop_mau": 5, "thu_lai": 5, "sua_duoc": 0, "bo_cuoc": 0, "van_sai": 5, "mang_hong": 5, "chan_mang": true}
=== ME 157 | con ton 827 | 14 phut ===
   {"xem": 20, "khop_mau": 5, "thu_lai": 5, "sua_duoc": 0, "bo_cuoc": 0, "van_sai": 5, "mang_hong": 5, "chan_mang": true}
=== ME 158 | con ton 827 | 14 phut ===
   {"xem": 20, "khop_mau": 5, "thu_lai": 5, "sua_duoc": 0, "bo_cuoc": 0, "van_sai": 5, "mang_hong": 5, "chan_mang": true}
=== ME 159 | con ton 827 | 14 phut ===
   {"xem": 20, "khop_mau": 5, "thu_lai": 5, "sua_duoc": 0, "bo_cuoc": 0, "van_sai": 5, "mang_hong": 5, "chan_mang": true}
=== ME 160 | con ton 827 | 14 phut ===
   {"xem": 20, "khop_mau": 5, "thu_lai": 5, "sua_duoc": 0, "bo_cuoc": 0, "van_sai": 5, "mang_hong": 5, "chan_mang": true}
=== ME 161 | con ton 827 | 14 phut ===
   {"xem": 20, "khop_mau": 5, "thu_lai": 5, "sua_duoc": 0, "bo_cuoc": 0, "van_sai": 5, "mang_hong": 5, "chan_mang": true}
=== ME 162 | con ton 827 | 14 phut ===
   {"xem": 20, "khop_mau": 5, "thu_lai": 5, "sua_duoc": 0, "bo_cuoc": 0, "van_sai": 5, "mang_hong": 5, "chan_mang": true}
=== ME 163 | con ton 827 | 15 phut ===
   {"xem": 20, "khop_mau": 5, "thu_lai": 5, "sua_duoc": 0, "bo_cuoc": 0, "van_sai": 5, "mang_hong": 5, "chan_mang": true}
=== ME 164 | con ton 827 | 15 phut ===
   {"xem": 20, "khop_mau": 5, "thu_lai": 5, "sua_duoc": 0, "bo_cuoc": 0, "van_sai": 5, "mang_hong": 5, "chan_mang": true}
=== ME 165 | con ton 827 | 15 phut ===
   {"xem": 20, "khop_mau": 5, "thu_lai": 5, "sua_duoc": 0, "bo_cuoc": 0, "van_sai": 5, "mang_hong": 5, "chan_mang": true}
=== ME 166 | con ton 827 | 15 phut ===
   {"xem": 20, "khop_mau": 5, "thu_lai": 5, "sua_duoc": 0, "bo_cuoc": 0, "van_sai": 5, "mang_hong": 5, "chan_mang": true}
=== ME 167 | con ton 827 | 15 phut ===
   {"xem": 20, "khop_mau": 5, "thu_lai": 5, "sua_duoc": 0, "bo_cuoc": 0, "van_sai": 5, "mang_hong": 5, "chan_mang": true}
=== ME 168 | con ton 827 | 15 phut ===
   {"xem": 20, "khop_mau": 5, "thu_lai": 5, "sua_duoc": 0, "bo_cuoc": 0, "van_sai": 5, "mang_hong": 5, "chan_mang": true}
=== ME 169 | con ton 827 | 15 phut ===
   {"xem": 20, "khop_mau": 5, "thu_lai": 5, "sua_duoc": 0, "bo_cuoc": 0, "van_sai": 5, "mang_hong": 5, "chan_mang": true}
=== ME 170 | con ton 827 | 15 phut ===
   {"xem": 20, "khop_mau": 5, "thu_lai": 5, "sua_duoc": 0, "bo_cuoc": 0, "van_sai": 5, "mang_hong": 5, "chan_mang": true}
=== ME 171 | con ton 827 | 15 phut ===
   {"xem": 20, "khop_mau": 5, "thu_lai": 5, "sua_duoc": 0, "bo_cuoc": 0, "van_sai": 5, "mang_hong": 5, "chan_mang": true}
=== ME 172 | con ton 827 | 15 phut ===
   {"xem": 20, "khop_mau": 5, "thu_lai": 5, "sua_duoc": 0, "bo_cuoc": 0, "van_sai": 5, "mang_hong": 5, "chan_mang": true}
=== ME 173 | con ton 827 | 15 phut ===
   {"xem": 20, "khop_mau": 5, "thu_lai": 5, "sua_duoc": 0, "bo_cuoc": 0, "van_sai": 5, "mang_hong": 5, "chan_mang": true}
=== ME 174 | con ton 827 | 15 phut ===
   {"xem": 20, "khop_mau": 5, "thu_lai": 5, "sua_duoc": 0, "bo_cuoc": 0, "van_sai": 5, "mang_hong": 5, "chan_mang": true}
=== ME 175 | con ton 827 | 16 phut ===
   {"xem": 20, "khop_mau": 5, "thu_lai": 5, "sua_duoc": 0, "bo_cuoc": 0, "van_sai": 5, "mang_hong": 5, "chan_mang": true}
=== ME 176 | con ton 827 | 16 phut ===
   {"xem": 20, "khop_mau": 5, "thu_lai": 5, "sua_duoc": 0, "bo_cuoc": 0, "van_sai": 5, "mang_hong": 5, "chan_mang": true}
=== ME 177 | con ton 827 | 16 phut ===
   {"xem": 20, "khop_mau": 5, "thu_lai": 5, "sua_duoc": 0, "bo_cuoc": 0, "van_sai": 5, "mang_hong": 5, "chan_mang": true}
=== ME 178 | con ton 827 | 16 phut ===
   {"xem": 20, "khop_mau": 5, "thu_lai": 5, "sua_duoc": 0, "bo_cuoc": 0, "van_sai": 5, "mang_hong": 5, "chan_mang": true}
=== ME 179 | con ton 827 | 16 phut ===
   {"xem": 20, "khop_mau": 5, "thu_lai": 5, "sua_duoc": 0, "bo_cuoc": 0, "van_sai": 5, "mang_hong": 5, "chan_mang": true}
=== ME 180 | con ton 827 | 16 phut ===
   {"xem": 20, "khop_mau": 5, "thu_lai": 5, "sua_duoc": 0, "bo_cuoc": 0, "van_sai": 5, "mang_hong": 5, "chan_mang": true}
=== ME 181 | con ton 827 | 16 phut ===
   {"xem": 20, "khop_mau": 5, "thu_lai": 5, "sua_duoc": 0, "bo_cuoc": 0, "van_sai": 5, "mang_hong": 5, "chan_mang": true}
=== ME 182 | con ton 827 | 16 phut ===
   {"xem": 20, "khop_mau": 5, "thu_lai": 5, "sua_duoc": 0, "bo_cuoc": 0, "van_sai": 5, "mang_hong": 5, "chan_mang": true}
=== ME 183 | con ton 827 | 16 phut ===
   {"xem": 20, "khop_mau": 5, "thu_lai": 5, "sua_duoc": 0, "bo_cuoc": 0, "van_sai": 5, "mang_hong": 5, "chan_mang": true}
=== ME 184 | con ton 827 | 16 phut ===
   {"xem": 20, "khop_mau": 5, "thu_lai": 5, "sua_duoc": 0, "bo_cuoc": 0, "van_sai": 5, "mang_hong": 5, "chan_mang": true}
=== ME 185 | con ton 827 | 16 phut ===
   {"xem": 20, "khop_mau": 5, "thu_lai": 5, "sua_duoc": 0, "bo_cuoc": 0, "van_sai": 5, "mang_hong": 5, "chan_mang": true}
=== ME 186 | con ton 827 | 17 phut ===
   {"xem": 20, "khop_mau": 5, "thu_lai": 5, "sua_duoc": 0, "bo_cuoc": 0, "van_sai": 5, "mang_hong": 5, "chan_mang": true}
=== ME 187 | con ton 827 | 17 phut ===
   {"xem": 20, "khop_mau": 5, "thu_lai": 5, "sua_duoc": 0, "bo_cuoc": 0, "van_sai": 5, "mang_hong": 5, "chan_mang": true}
=== ME 188 | con ton 827 | 17 phut ===
   {"xem": 20, "khop_mau": 5, "thu_lai": 5, "sua_duoc": 0, "bo_cuoc": 0, "van_sai": 5, "mang_hong": 5, "chan_mang": true}
=== ME 189 | con ton 827 | 17 phut ===
   {"xem": 20, "khop_mau": 5, "thu_lai": 5, "sua_duoc": 0, "bo_cuoc": 0, "van_sai": 5, "mang_hong": 5, "chan_mang": true}
=== ME 190 | con ton 827 | 17 phut ===
   {"xem": 20, "khop_mau": 5, "thu_lai": 5, "sua_duoc": 0, "bo_cuoc": 0, "van_sai": 5, "mang_hong": 5, "chan_mang": true}
=== ME 191 | con ton 827 | 17 phut ===
   {"xem": 20, "khop_mau": 5, "thu_lai": 5, "sua_duoc": 0, "bo_cuoc": 0, "van_sai": 5, "mang_hong": 5, "chan_mang": true}
=== ME 192 | con ton 827 | 17 phut ===
   {"xem": 20, "khop_mau": 5, "thu_lai": 5, "sua_duoc": 0, "bo_cuoc": 0, "van_sai": 5, "mang_hong": 5, "chan_mang": true}
=== ME 193 | con ton 827 | 17 phut ===
   {"xem": 20, "khop_mau": 5, "thu_lai": 5, "sua_duoc": 0, "bo_cuoc": 0, "van_sai": 5, "mang_hong": 5, "chan_mang": true}
=== ME 194 | con ton 827 | 17 phut ===
   {"xem": 20, "khop_mau": 5, "thu_lai": 5, "sua_duoc": 0, "bo_cuoc": 0, "van_sai": 5, "mang_hong": 5, "chan_mang": true}
=== ME 195 | con ton 827 | 17 phut ===
   {"xem": 20, "khop_mau": 5, "thu_lai": 5, "sua_duoc": 0, "bo_cuoc": 0, "van_sai": 5, "mang_hong": 5, "chan_mang": true}
=== ME 196 | con ton 827 | 17 phut ===
   {"xem": 20, "khop_mau": 5, "thu_lai": 5, "sua_duoc": 0, "bo_cuoc": 0, "van_sai": 5, "mang_hong": 5, "chan_mang": true}
=== ME 197 | con ton 827 | 17 phut ===
   {"xem": 20, "khop_mau": 5, "thu_lai": 5, "sua_duoc": 0, "bo_cuoc": 0, "van_sai": 5, "mang_hong": 5, "chan_mang": true}
=== ME 198 | con ton 827 | 18 phut ===
   {"xem": 20, "khop_mau": 5, "thu_lai": 5, "sua_duoc": 0, "bo_cuoc": 0, "van_sai": 5, "mang_hong": 5, "chan_mang": true}
=== ME 199 | con ton 827 | 18 phut ===
   {"xem": 20, "khop_mau": 5, "thu_lai": 5, "sua_duoc": 0, "bo_cuoc": 0, "van_sai": 5, "mang_hong": 5, "chan_mang": true}
TONG: {"thu_lai": 1035, "sua_duoc": 37, "bo_cuoc": 0, "van_sai": 998, "me": 199, "con_ton": 827, "phut": 17.7}
