
=== ME 1 | con ton 5486 | kho 2747 | 0s ===
  + 24 ma nguon tu bang `artifact` (file .mq5 that)
  32 ban doc co dau hieu chua luat (tren tong chua boc)
  ... 10/32  (36s)
  ... 20/32  (81s)
  ... 30/32  (85s)
  -> {"ban": 32, "co_che_moi": 4, "tu_choi": 12, "loi": 1, "giay": 316.7, "giay_moi_ban": 9.9, "suat_tren_100_ban": 12.5, "ly_do_tu_choi": {"['suy bien tren MOI tai san do duoc (chuoi kiem 0.000%, XAUU": 4, "trung dieu kien": 4, "['suy bien tren MOI tai san do duoc (chuoi kiem 99.539%, XAU": 2, "['suy bien tren MOI tai san do duoc (chuoi kiem 99.880%, XAU": 1, "['suy bien tren MOI tai san do duoc (chuo

=== ME 2 | con ton 5474 | kho 2751 | 420s ===
  + 1 ma nguon tu bang `artifact` (file .mq5 that)
  40 ban doc co dau hieu chua luat (tren tong chua boc)
  ... 10/40  (102s)
  ... 20/40  (102s)
  ... 30/40  (102s)
  ... 40/40  (102s)
  -> {"ban": 40, "co_che_moi": 8, "tu_choi": 21, "loi": 0, "giay": 106.0, "giay_moi_ban": 2.6, "suat_tren_100_ban": 20.0, "ly_do_tu_choi": {"thieu truong bat buoc 'vao'": 10, "ra[0]: trong mot bar 'close' >= 'low' LUON dung, nen 'close ": 2, "['suy bien tren MOI tai san do duoc (chuoi kiem 0.000%, XAUU": 2, "vao[0]: trong mot bar 'low' <= 'open' LUON dung, nen 'low < ": 1, "['suy bien tren MOI tai san 

=== ME 3 | con ton 4446 | kho 2759 | 674s ===
  300 ban doc co dau hieu chua luat (tren tong chua boc)
  ... 10/300  (83s)
  ... 20/300  (93s)
  ... 30/300  (125s)
  ... 40/300  (125s)
  ... 50/300  (140s)
  ... 60/300  (165s)
  ... 70/300  (199s)
  ... 80/300  (215s)
  ... 90/300  (215s)
  ... 100/300  (284s)
  ... 110/300  (284s)
  ... 120/300  (284s)
  ... 130/300  (482s)
  ... 140/300  (482s)
  ... 150/300  (482s)
  ... 160/300  (482s)
  ... 170/300  (482s)
  ... 180/300  (482s)
  ... 190/300  (482s)
  ... 200/300  (482s)
  ... 210/300  (482s)
  ... 220/300  (482s)
  ... 230/300  (482s)
  ... 240/300  (482s)
  ... 250/300  (482s)
  ... 260/300  (511s)
  ... 270/300  (511s)
  ... 280/300  (511s)
  ... 290/300  (546s)
  ... 300/300  (571s)
  -> {"ban": 300, "co_che_moi": 93, "tu_choi": 157, "loi": 1, "giay": 668.4, "giay_moi_ban": 2.2, "suat_tren_100_ban": 31.0, "ly_do_tu_choi": {"['suy bien tren MOI tai san do duoc (chuoi kiem 0.000%, XAUU": 46, "thieu truong bat buoc 'vao'": 38, "trung dieu kien": 9, "thieu truong bat buoc 'ho'": 5, "vao[0]: trong mot bar 'close' <= 'high' LUON dung, nen 'clos": 4, "['suy bien tren MOI tai san do duoc 

=== ME 4 | con ton 4183 | kho 76 | 1366s ===
  300 ban doc co dau hieu chua luat (tren tong chua boc)
  ... 10/300  (84s)
  ... 20/300  (91s)
  ... 30/300  (91s)
  ... 40/300  (91s)
  ... 50/300  (150s)
  ... 60/300  (150s)
  ... 70/300  (161s)
  ... 80/300  (164s)
  ... 90/300  (200s)
  ... 100/300  (200s)
  ... 110/300  (222s)
  ... 120/300  (222s)
  ... 130/300  (252s)
  ... 140/300  (252s)
  ... 150/300  (272s)
  ... 160/300  (276s)
  ... 170/300  (303s)
  ... 180/300  (517s)
  ... 190/300  (517s)
  ... 200/300  (517s)
  ... 210/300  (517s)
  ... 220/300  (517s)
  ... 230/300  (517s)
  ... 240/300  (517s)
  ... 250/300  (517s)
  ... 260/300  (517s)
  ... 270/300  (517s)
  ... 280/300  (517s)
  ... 290/300  (517s)
  ... 300/300  (517s)
  -> {"ban": 300, "co_che_moi": 73, "tu_choi": 112, "loi": 1, "giay": 561.4, "giay_moi_ban": 1.9, "suat_tren_100_ban": 24.3, "ly_do_tu_choi": {"['suy bien tren MOI tai san do duoc (chuoi kiem 0.000%, XAUU": 32, "thieu truong bat buoc 'vao'": 18, "trung dieu kien": 9, "[\"da co co che ten 'pairs_trading_long_entry'\"]": 4, "[\"da co co che ten 'pairs_trading_short_entry'\"]": 4, "['suy bien tren MOI tai

=== ME 5 | con ton 3888 | kho 2974 | 1961s ===
  + 0 ma nguon tu bang `artifact` (file .mq5 that)
  208 ban doc co dau hieu chua luat (tren tong chua boc)
  ... 10/208  (59s)
  ... 20/208  (59s)
  ... 30/208  (66s)
  ... 40/208  (72s)
  ... 50/208  (96s)
  ... 60/208  (103s)
  ... 70/208  (129s)
  ... 80/208  (195s)
  ... 90/208  (195s)
  ... 100/208  (362s)
  ... 110/208  (362s)
  ... 120/208  (362s)
  ... 130/208  (406s)
  ... 140/208  (406s)
  ... 150/208  (406s)
  ... 160/208  (406s)
  ... 170/208  (406s)
  ... 180/208  (406s)
  ... 190/208  (406s)
  ... 200/208  (406s)
  -> {"ban": 208, "co_che_moi": 40, "tu_choi": 62, "loi": 2, "giay": 430.9, "giay_moi_ban": 2.1, "suat_tren_100_ban": 19.2, "ly_do_tu_choi": {"['suy bien tren MOI tai san do duoc (chuoi kiem 0.000%, XAUU": 22, "thieu truong bat buoc 'vao'": 16, "trung dieu kien": 5, "vao[0]: hai ve GIONG HET nhau - dieu kien khong mang thong t": 2, "['suy bien tren MOI tai san do duoc (chuoi kiem 100.000%, XA": 2, "vao

=== ME 6 | con ton 3723 | kho 3015 | 2507s ===
  + 0 ma nguon tu bang `artifact` (file .mq5 that)
  18 ban doc co dau hieu chua luat (tren tong chua boc)
  ... 10/18  (40s)
  -> {"ban": 18, "co_che_moi": 0, "tu_choi": 2, "loi": 10, "giay": 61.1, "giay_moi_ban": 3.4, "suat_tren_100_ban": 0.0, "ly_do_tu_choi": {"['chay loi: KeyError: \"chi bao \\'qqe_main\\' khong biet, va k": 2}}

=== ME 7 | con ton 3715 | kho 3015 | 2677s ===
  + 0 ma nguon tu bang `artifact` (file .mq5 that)
  1 ban doc co dau hieu chua luat (tren tong chua boc)
  -> {"ban": 1, "co_che_moi": 0, "tu_choi": 0, "loi": 0, "giay": 24.2, "giay_moi_ban": 24.2, "suat_tren_100_ban": 0.0, "ly_do_tu_choi": {}}

=== ME 8 | con ton 3706 | kho 3033 | 2824s ===
  + 0 ma nguon tu bang `artifact` (file .mq5 that)
  0 ban doc co dau hieu chua luat (tren tong chua boc)
  -> {"ban": 0, "co_che_moi": 0}
me rong -> dung

TONG: {"ban": 899, "co_che_moi": 218, "me": 8, "kho": 3033, "kho_dau": 2747, "con_ton": 3706, "giay": 2947.8}
