
=== ME 1 | con ton 4482 | kho 2759 | 0s ===
  300 ban doc co dau hieu chua luat (tren tong chua boc)
  ... 10/300  (84s)
  ... 20/300  (85s)
  ... 30/300  (133s)
  ... 40/300  (133s)
  ... 50/300  (150s)
  ... 60/300  (182s)
  ... 70/300  (224s)
  ... 80/300  (271s)
  ... 90/300  (271s)
  ... 100/300  (282s)
  ... 110/300  (282s)
  ... 120/300  (332s)
  ... 130/300  (332s)
  ... 140/300  (352s)
  ... 150/300  (356s)
  ... 160/300  (360s)
  ... 170/300  (361s)
  ... 180/300  (415s)
  ... 190/300  (417s)
  ... 200/300  (421s)
  ... 210/300  (454s)
  ... 220/300  (493s)
  ... 230/300  (497s)
  ... 240/300  (528s)
  ... 250/300  (545s)
  ... 260/300  (565s)
  ... 270/300  (570s)
  ... 280/300  (605s)
  ... 290/300  (622s)
  ... 300/300  (639s)
  -> {"ban": 300, "co_che_moi": 96, "tu_choi": 164, "loi": 0, "giay": 696.2, "giay_moi_ban": 2.3, "suat_tren_100_ban": 32.0, "ly_do_tu_choi": {"['suy bien tren MOI tai san do duoc (chuoi kiem 0.000%, XAUU": 43, "thieu truong bat buoc 'vao'": 39, "trung dieu kien": 14, "vao[0]: trong mot bar 'close' <= 'high' LUON dung, nen 'clos": 8, "thieu truong bat buoc 'ho'": 8, "ho 'khac' khong thuoc ['bien_dong',

=== ME 2 | con ton 4182 | kho 172 | 719s ===
  300 ban doc co dau hieu chua luat (tren tong chua boc)
  ... 10/300  (99s)
  ... 20/300  (99s)
  ... 30/300  (99s)
  ... 40/300  (99s)
  ... 50/300  (142s)
  ... 60/300  (146s)
  ... 70/300  (160s)
  ... 80/300  (177s)
  ... 90/300  (217s)
  ... 100/300  (217s)
  ... 110/300  (262s)
  ... 120/300  (270s)
  ... 130/300  (270s)
  ... 140/300  (293s)
  ... 150/300  (322s)
  ... 160/300  (362s)
  ... 170/300  (407s)
  ... 180/300  (407s)
  ... 190/300  (407s)
  ... 200/300  (428s)
  ... 210/300  (428s)
  ... 220/300  (445s)
  ... 230/300  (471s)
  ... 240/300  (488s)
  ... 250/300  (512s)
  ... 260/300  (512s)
  ... 270/300  (531s)
  ... 280/300  (548s)
  ... 290/300  (571s)
  ... 300/300  (607s)
  -> {"ban": 300, "co_che_moi": 68, "tu_choi": 160, "loi": 0, "giay": 667.0, "giay_moi_ban": 2.2, "suat_tren_100_ban": 22.7, "ly_do_tu_choi": {"['suy bien tren MOI tai san do duoc (chuoi kiem 0.000%, XAUU": 56, "thieu truong bat buoc 'vao'": 28, "trung dieu kien": 12, "ra[0].phai: 'n' AM = nhin ve tuong lai - khong phat bieu duo": 6, "ho 'khac' khong thuoc ['bien_dong', 'dong_tien', 'lich', 'ph": 5, "[

=== ME 3 | con ton 3927 | kho 21 | 1418s ===
  + 0 ma nguon tu bang `artifact` (file .mq5 that)
  222 ban doc co dau hieu chua luat (tren tong chua boc)
  ... 10/222  (270s)
  ... 20/222  (270s)
  ... 30/222  (270s)
  ... 40/222  (270s)
  ... 50/222  (270s)
  ... 60/222  (270s)
  ... 70/222  (270s)
  ... 80/222  (270s)
  ... 90/222  (270s)
  ... 100/222  (270s)
  ... 110/222  (270s)
  ... 120/222  (270s)
  ... 130/222  (270s)
  ... 140/222  (270s)
  ... 150/222  (274s)
  ... 160/222  (310s)
  ... 170/222  (310s)
  ... 180/222  (310s)
  ... 190/222  (310s)
  ... 200/222  (310s)
  ... 210/222  (390s)
  ... 220/222  (390s)
  -> {"ban": 222, "co_che_moi": 18, "tu_choi": 55, "loi": 25, "giay": 402.2, "giay_moi_ban": 1.8, "suat_tren_100_ban": 8.1, "ly_do_tu_choi": {"['suy bien tren MOI tai san do duoc (chuoi kiem 0.000%, XAUU": 14, "trung dieu kien": 9, "vao[0]: hai ve GIONG HET nhau - dieu kien khong mang thong t": 5, "thieu truong bat buoc 'vao'": 5, "['suy bien tren MOI tai san do duoc (chuoi kiem 98.338%, XAU": 2, "ho '

=== ME 4 | con ton 3706 | kho 3033 | 1940s ===
  + 0 ma nguon tu bang `artifact` (file .mq5 that)
  1 ban doc co dau hieu chua luat (tren tong chua boc)
  -> {"ban": 1, "co_che_moi": 0, "tu_choi": 0, "loi": 0, "giay": 17.4, "giay_moi_ban": 17.4, "suat_tren_100_ban": 0.0, "ly_do_tu_choi": {}}

=== ME 5 | con ton 3706 | kho 3033 | 2075s ===
  + 0 ma nguon tu bang `artifact` (file .mq5 that)
  0 ban doc co dau hieu chua luat (tren tong chua boc)
  -> {"ban": 0, "co_che_moi": 0}
me rong -> dung

TONG: {"ban": 823, "co_che_moi": 182, "me": 5, "kho": 3033, "kho_dau": 2759, "con_ton": 3706, "giay": 2196.4}
