toan hang hien co: 43

TANG A - do NGU PHAP (150 cau `loai_cau` nhan la luat)
  NOI_DUOC         29   19.3%
  NOI_MOT_PHAN      5    3.3%
  KHONG_NOI       116   77.3%

TANG B - do KHAU DOC (150 cau co tu vung phuong phap ma `loai_cau` tu choi)
  vung         64
  song         45
  hinh_hoc     20
  lien_ma      18
  khoi_luong   10
  nen          3

hang doi tu vung thieu (tang A):
  vung         8
  song         5
  hinh_hoc     3
  khoi_luong   1

TANG C - hinh dang THAT cua 1418 co che trong kho
  ho:        xu_huong 725 · quay_ve_trung_binh 290 · pha_vo 199 · bien_dong 152 · phien 26 · dong_tien 13 · lich 10 · vi_mo 3
  toan hang: gia 2626 · ema 751 · sma 571 · tre 539 · tb 404 · rsi 361 · atr 92 · zscore 88 · phan_vi 87 · gio 84
  CHUA AI DUNG (11): bollinger, dem_lien_tiep, dong_luong, gann_sq9, obv, phuong_sai, smma, tong, trang_thai_lat, tuong_quan, wma

SO VOI LAN TRUOC (107 cau chung): tot len 0 · XAU DI 0

-> C:\Users\SV STORE\Downloads\Research SP500\lab\reports\CORPUS_NGU_PHAP.json
