=== DO SUAT `doc_ma` tren 469 ban doc MA NGUON ===

  da doc      : 469 ban  (32s, 68 ms/ban)
  co che MOI  : 15
  trung ten   : 2
  khong ra gi : 459
  loi         : 0

  SUAT: 3.2 co che moi tren 100 ban ma nguon
  Kho hien tai 664 -> se thanh 679

  -- co che moi theo nguon --
     tradingview_pine             15

  -- vai ten moi --
     ma_ban_close_cheo_xuong_tuyen_tinh
     ma_ban_close_cheo_xuong_tuyen_tinh_va_ema6_duoi_ema12
     ma_ban_ema14_close_tre12_duoi_sma56_close_tre12
     ma_ban_low_duoi_thap_nhat20_tre1
     ma_ban_low_duoi_thap_nhat55_tre1
     ma_ban_rsi14_cheo_xuong_70
     ma_ban_rsi16_cheo_xuong_100_va_close_cheo_xuong_tuyen_tinh
     ma_ban_rsi6_cheo_xuong_50_va_close_cheo_xuong_tuyen_tinh
     ma_mua_close_cheo_len_tuyen_tinh
     ma_mua_close_cheo_len_tuyen_tinh_va_ema6_duoi_ema12
     ma_mua_high_tren_cao_nhat20_tre1
     ma_mua_high_tren_cao_nhat55_tre1
     ma_mua_rsi16_cheo_len_0_va_close_cheo_len_tuyen_tinh
     ma_mua_rsi6_cheo_len_50_va_close_cheo_len_tuyen_tinh
     ma_mua_sma50_close_cheo_len_sma200_close
