CHAY THAT tren 445 file chi bao (thu lai 2 lan)
  ... 20/445 (197s)
  ... 40/445 (628s)
  ... 60/445 (675s)
  ... 80/445 (865s)
  ... 100/445 (1037s)
  ... 120/445 (1255s)
  ... 140/445 (1392s)
  ... 160/445 (1817s)
  ... 180/445 (1976s)
  ... 200/445 (2048s)
  ... 220/445 (2327s)
  ... 240/445 (2601s)
  ... 260/445 (2865s)
  ... 280/445 (2969s)
  ... 300/445 (3317s)
  ... 320/445 (3406s)
  ... 340/445 (3796s)
  ... 360/445 (3859s)
  ... 380/445 (4072s)
  ... 400/445 (4240s)
  ... 420/445 (4624s)
  ... 440/445 (4693s)
  !! 15/445 file chua do duoc: CHUA DO - HTTP 502: {"error": {"message": "Remote end closed connectio
  da ghi tho -> reports/doc_chi_bao_tho.json

  file ra co che   : 407/445 (91%)
  khai bao qua kiem: 652
  cong tu choi 132 : suy bien tren MOI tai san do duoc (chuoi kiem 
  cong tu choi  60 : vao[0] phai co 'trai' va 'phai'
  cong tu choi  34 : vao[0]: hai ve GIONG HET nhau - dieu kien khon
  cong tu choi  21 : vao[0]: trong mot bar 'close' <= 'high' LUON d
  cong tu choi  20 : chay loi: KeyError: "chi bao 'khong_dien_dat_d
  them vao kho     : 135
