=== DAY CHUYEN: US500CASH ===
-- 0. kiem mang --
  mql5          OK
  tradingview   OK
  github        OK
-- 1a. theo TAI SAN --
  [toan luc] tran truy van moi nguon nang len 40
  github             lay ve  532  moi   93  (129s)
  lean_algo          lay ve   40  moi    0  (132s)
  tradingview_pine   lay ve    3  moi    0  (198s)
  mql5_code          lay ve  111  moi   62  (209s)
  blog               lay ve   27  moi    0  (220s)
  arxiv              lay ve  100  moi    0  (234s)
  openalex           lay ve  162  moi    0  (300s)
  stackexchange      lay ve  224  moi    0  (374s)
  hackernews         lay ve  251  moi    0  (473s)
  quantconnect       lay ve    0  moi    0  (478s)
  crossref           lay ve  140  moi    0  (581s)
  semantic           lay ve   20  moi   20  (648s)
-- 1b. theo TEN HE THONG --
  github             lay ve   63  moi    1  (120s)
  lean_algo          lay ve   40  moi    0  (122s)
  tradingview_pine   lay ve  147  moi    0  (201s)
  mql5_code          lay ve  111  moi   71  (210s)
  blog               lay ve   27  moi    0  (219s)
  arxiv              lay ve  100  moi    0  (234s)
  openalex           lay ve  698  moi    0  (371s)
  stackexchange      lay ve   12  moi    0  (489s)
  hackernews         lay ve   33  moi    1  (667s)
  [het ngan sach] dung truoc quantconnect
-- 1c. MQL5 Code Base (file .mq5 that) --
  vong 1: tai 57 | moi 57 | trang {'experts': 9, 'indicators': 9}
  vong 2: tai 54 | moi 54 | trang {'experts': 10, 'indicators': 10}
  vong 3: tai 60 | moi 60 | trang {'experts': 11, 'indicators': 11}
-- 2a. doc song song --
  500 tai lieu chua doc (uu tien nguon ma nguon)
  ... 50/500  doc duoc 0  (28s)
  ... 100/500  doc duoc 0  (51s)
  ... 150/500  doc duoc 0  (74s)
  ... 200/500  doc duoc 0  (98s)
  ... 250/500  doc duoc 0  (157s)
  ... 300/500  doc duoc 0  (160s)
  ... 350/500  doc duoc 0  (181s)
  ... 400/500  doc duoc 0  (225s)
  ... 450/500  doc duoc 0  (273s)
  ... 500/500  doc duoc 0  (326s)
   doc duoc 0/500 (0.65 s/ban)
-- 2b. boc co che --
  + 13 ma nguon tu bang `artifact` (file .mq5 that)
  13 ban doc co dau hieu chua luat (tren tong chua boc)
  ... 10/13  (89s)
   kho co che: 865 -> 891 (+26)

=== XONG 2916s ===
{'mang': {'mql5': 'OK', 'tradingview': 'OK', 'github': 'OK'}, 'san': {'tai_san': {'ma': 'US500CASH', 'tu_khoa': 20, 'nguon_chay': 12, 'tai_lieu_moi': 175, 'giay': 647.6, 'toan_luc': 40, 'chi_tiet': [{'nguon': 'github', 'lay_ve': 532, 'moi': 93}, {'nguon': 'lean_algo', 'lay_ve': 40, 'moi': 0}, {'nguon': 'tradingview_pine', 'lay_ve': 3, 'moi': 0}, {'nguon': 'mql5_code', 'lay_ve': 111, 'moi': 62}, {'nguon': 'blog', 'lay_ve': 27, 'moi': 0}, {'nguon': 'arxiv', 'lay_ve': 100, 'moi': 0}, {'nguon': 'openalex', 'lay_ve': 162, 'moi': 0}, {'nguon': 'stackexchange', 'lay_ve': 224, 'moi': 0}, {'nguon': 'hackernews', 'lay_ve': 251, 'moi': 0}, {'nguon': 'quantconnect', 'lay_ve': 0, 'moi': 0}, {'nguon': 'crossref', 'lay_ve': 140, 'moi': 0}, {'nguon': 'semantic', 'lay_ve': 20, 'moi': 20}], 'nguon_bo_qua_vi_loi': ['rss_reddit_quant']}, 'he_pho_thong': {'tu_khoa': 30, 'nguon_chay': 9, 'tai_lieu_moi': 73, 'giay': 666.7, 'chi_tiet': [{'nguon': 'github', 'lay_ve': 63, 'moi': 1}, {'nguon': 'lean_algo', 'lay_ve': 40, 'moi': 0}, {'nguon': 'tradingview_pine', 'lay_ve': 147, 'moi': 0}, {'nguon': 'mql5_code', 'lay_ve': 111, 'moi': 71}, {'nguon': 'blog', 'lay_ve': 27, 'moi': 0}, {'nguon': 'arxiv', 'lay_ve': 100, 'moi': 0}, {'nguon': 'openalex', 'lay_ve': 698, 'moi': 0}, {'nguon': 'stackexchange', 'lay_ve': 12, 'moi': 0}, {'nguon': 'hackernews', 'lay_ve': 33, 'moi': 1}]}, 'mql5': {'tai_duoc': 171, 'ghi_moi': 171}, 'giay': 2351.2}, 'boc': {'doc': {'tai_lieu': 500, 'doc_duoc': 0, 'hong': 500, 'giay': 325.9, 'giay_moi_ban': 0.65, 'theo_nguon': {}}, 'boc': {'ban': 13, 'co_che_moi': 3, 'tu_choi': 4, 'loi': 0, 'giay': 91.3, 'giay_moi_ban': 7.0, 'suat_tren_100_ban': 23.1, 'ly_do_tu_choi': {"['suy bien tren MOI tai san do duoc (chuoi kiem 0.000%, XAUU": 3, "thieu truong bat buoc 'vao'": 1}}, 'co_che_truoc': 865, 'co_che_sau': 891, 'giay': 559.2}, 'giay': 2915.9}
e GIONG HET nhau - dieu kien khong mang thong t': 7, "ho 'khac' khong thuoc ['bien_dong', 'dong_tien', 'lich', 'ph": 6, '[\'chay loi: KeyError: "chi bao \\\'wpr\\\' khong biet, va khong ': 4, "vao[0]: trong mot bar 'close' <= 'high' LUON dung, nen 'clos": 3, 'vao[2]: hai ve GIONG HET nhau - dieu kien khong mang thong t': 2}}, 'co_che_truoc': 727, 'co_che_sau': 857, 'giay': 972.9}, 'giay': 3382.1}
