
########## CHANG A: mo kho = 847 co che

=== moKho train  2016.06.01 -> 2021.06.01
  801 pass, 18.7s
=== moKho holdout  2021.06.01 -> 2026.07.29
  801 pass, 24.8s
-> reports/DEM_A_MO_KHO_GER40Cash.json

chan DUONG ca hai doan : 61
chan AM   ca hai doan : 262

########## CHANG B: dao chieu 262 chan am

=== dao train  2016.06.01 -> 2021.06.01
  263 pass, 18.5s
=== dao holdout  2021.06.01 -> 2026.07.29
  263 pass, 18.5s
-> reports/DEM_B_DAO_GER40Cash.json

dao chieu -> duong ca hai doan: 67/262

TONG CHAN DUONG: 128 (goc 61 + dao 67)
-> reports/DEM_CHAN_DUONG_GER40Cash.json

########## CHANG C: ma tran tuong quan 128 chan

=== lo 0: 40 slot
=== lo 1: 40 slot
=== lo 2: 40 slot
=== lo 3: 8 slot

ghep duoc 128 chuoi von
-> reports/DEM_C_MATRAN_GER40Cash.json

--- 10 he DON tot nhat ---
macd_histogram_duong_2                            345.14    0.25%   1393.6
ban_pha_vo_inh_phien_ny__dao                      553.82    0.96%    574.1
aegis_quantum_lite                                236.19    0.43%    548.6
fvg_sell_reversal__dao                            236.19    0.43%    548.6
mua_rsi14_tren_70                                 236.19    0.43%    548.6
rsi_overbought_reversal_from_wilder_smoothed_r    236.19    0.43%    548.6
rsi_overbought_sell__dao                          236.19    0.43%    548.6
rsi_3_10                                          684.97    1.48%    464.0
fast_sma_cuts_above_slow_sma                      307.26    0.74%    417.0
ban_zscore20_close_duoi_am2__dao                  430.55    1.38%    312.7

--- 15 CAP tot nhat ---
aegis_quantum_lite             macd_histogram_duong_2          -0.007    581.33    0.44%   1325.8
fvg_sell_reversal__dao         macd_histogram_duong_2          -0.007    581.33    0.44%   1325.8
macd_histogram_duong_2         mua_rsi14_tren_70               -0.007    581.33    0.44%   1325.8
macd_histogram_duong_2         rsi_overbought_reversal_from_w  -0.007    581.33    0.44%   1325.8
macd_histogram_duong_2         rsi_overbought_sell__dao        -0.007    581.33    0.44%   1325.8
ban_pha_vo_inh_phien_ny__dao   macd_histogram_duong_2          -0.004    898.96    0.92%    972.4
ban_pha_vo_inh_phien_ny__dao   rsi_3_10                        +0.029   1238.79    1.37%    901.7
breakout_xu_huong_tang__dao    macd_histogram_duong_2          -0.034    660.94    0.75%    883.8
ban_pha_vo_inh_phien_ny__dao   mua_rsi5_cheo_len_30__dao       -0.001    993.93    1.22%    812.6
ban_pha_vo_inh_phien_ny__dao   breakout_xu_huong_tang__dao     -0.001    869.62    1.08%    805.5
macd_histogram_duong_2         rsi_3_10                        -0.003   1030.11    1.30%    795.1
ban_pha_vo_inh_phien_ny__dao   fast_sma_cuts_above_slow_sma    +0.014    861.08    1.08%    793.7
breakout_xu_huong_tang__dao    rsi_3_10                        -0.002   1000.77    1.27%    785.7
pine_keltner_bounce_from_open_ rsi_3_10                        -0.050   1133.53    1.48%    766.5
ban_pha_vo_inh_phien_ny__dao   rsi_ban_qua_mua                 +0.000    869.83    1.14%    763.9

########## CHANG D: cong ra tien o sut giam 50-60%

=== cap 0: aegis_quantum_lite + macd_histogram_duong_2
   ghep     dinh  26.02%/nam @ DD 21.85%  lot 0.0/16.0/16.0 | DD20  26.02%/nam @ DD 21.85%  lot 0.0/16.0/16.0 | 50-60%  23.17%/nam @ DD 58.61%  lot 0.0/15.2/10.4
   chi_a    dinh  16.78%/nam @ DD 61.10%  lot 0.0/16.0/0.0 | DD20   6.82%/nam @ DD 20.83%  lot 0.0/4.0/0.0 | 50-60%  16.31%/nam @ DD 59.09%  lot 0.0/15.2/0.0
   chi_b    dinh  20.44%/nam @ DD 26.64%  lot 0.0/0.0/16.0 | DD20  16.31%/nam @ DD 21.91%  lot 0.0/0.0/10.4 | 50-60%   --
   mua_giu  dinh   3.61%/nam @ DD 98.17%  lot 1.3/0.0/0.0 | DD20   0.64%/nam @ DD 18.00%  lot 0.2/0.0/0.0 | 50-60%   2.09%/nam @ DD 57.95%  lot 0.7/0.0/0.0
-> reports/DEM_D_RA_TIEN_GER40Cash.json
=== cap 1: fvg_sell_reversal__dao + macd_histogram_duong_2
   ghep     dinh  26.02%/nam @ DD 21.85%  lot 0.0/16.0/16.0 | DD20  26.02%/nam @ DD 21.85%  lot 0.0/16.0/16.0 | 50-60%  23.17%/nam @ DD 58.61%  lot 0.0/15.2/10.4
   chi_a    dinh  16.78%/nam @ DD 61.10%  lot 0.0/16.0/0.0 | DD20   6.82%/nam @ DD 20.83%  lot 0.0/4.0/0.0 | 50-60%  16.31%/nam @ DD 59.09%  lot 0.0/15.2/0.0
   chi_b    dinh  20.44%/nam @ DD 26.64%  lot 0.0/0.0/16.0 | DD20  16.31%/nam @ DD 21.91%  lot 0.0/0.0/10.4 | 50-60%   --
   mua_giu  dinh   3.61%/nam @ DD 98.17%  lot 1.3/0.0/0.0 | DD20   0.64%/nam @ DD 18.00%  lot 0.2/0.0/0.0 | 50-60%   2.09%/nam @ DD 57.95%  lot 0.7/0.0/0.0
-> reports/DEM_D_RA_TIEN_GER40Cash.json
=== cap 2: macd_histogram_duong_2 + mua_rsi14_tren_70
   ghep     dinh  26.02%/nam @ DD 21.85%  lot 0.0/16.0/16.0 | DD20  26.02%/nam @ DD 21.85%  lot 0.0/16.0/16.0 | 50-60%  23.17%/nam @ DD 58.61%  lot 0.0/10.4/15.2
   chi_a    dinh  20.44%/nam @ DD 26.64%  lot 0.0/16.0/0.0 | DD20  16.31%/nam @ DD 21.91%  lot 0.0/10.4/0.0 | 50-60%   --
   chi_b    dinh  16.78%/nam @ DD 61.10%  lot 0.0/0.0/16.0 | DD20   6.82%/nam @ DD 20.83%  lot 0.0/0.0/4.0 | 50-60%  16.31%/nam @ DD 59.09%  lot 0.0/0.0/15.2
   mua_giu  dinh   3.61%/nam @ DD 98.17%  lot 1.3/0.0/0.0 | DD20   0.64%/nam @ DD 18.00%  lot 0.2/0.0/0.0 | 50-60%   2.09%/nam @ DD 57.95%  lot 0.7/0.0/0.0
-> reports/DEM_D_RA_TIEN_GER40Cash.json
=== cap 3: macd_histogram_duong_2 + rsi_overbought_reversal_from_wilde
  khong ra bang
=== cap 4: macd_histogram_duong_2 + rsi_overbought_sell__dao
Traceback (most recent call last):
  File "C:\Users\SV STORE\Downloads\Research SP500\lab\_dem_ghep.py", line 406, in <module>
    raise SystemExit(main())
                     ~~~~^^
  File "C:\Users\SV STORE\Downloads\Research SP500\lab\_dem_ghep.py", line 400, in main
    chang_D(cap, chan)
    ~~~~~~~^^^^^^^^^^^
  File "C:\Users\SV STORE\Downloads\Research SP500\lab\_dem_ghep.py", line 329, in chang_D
    GH._chay_terminal(C.XM_DATA / (nc + ".ini"), tran=3600)
    ~~~~~~~~~~~~~~~~~^^^^^^^^^^^^^^^^^^^^^^^^^^^^^^^^^^^^^^
  File "C:\Users\SV STORE\Downloads\Research SP500\lab\_ghep_he.py", line 92, in _chay_terminal
    with KT.giu(f"_chay_terminal {Path(ini).name}"):
         ~~~~~~^^^^^^^^^^^^^^^^^^^^^^^^^^^^^^^^^^^^
  File "C:\Users\SV STORE\AppData\Local\Python\pythoncore-3.14-64\Lib\contextlib.py", line 141, in __enter__
    return next(self.gen)
  File "C:\Users\SV STORE\Downloads\Research SP500\lab\nhan\khoa_tester.py", line 111, in giu
    raise TesterDangBan(r["ly_do"])
nhan.khoa_tester.TesterDangBan: tester dang bi giu boi pid 10740 (de_qt_ea_ngoai US500Cash) tu 2026-09-11 23:10:41. Hai viec tester cung luc se ghi de ket qua cua nhau VA khong ai bao loi.
