
########## CHANG A: mo kho = 1137 co che

=== moKho train  2016.06.01 -> 2021.06.01
  1083 pass, 74.0s
=== moKho holdout  2021.06.01 -> 2026.07.29
  1083 pass, 24.6s
-> reports/DEM_A_MO_KHO_UK100Cash.json

chan DUONG ca hai doan : 13
chan AM   ca hai doan : 557

########## CHANG B: dao chieu 557 chan am

=== dao train  2016.06.01 -> 2021.06.01
  558 pass, 18.4s
=== dao holdout  2021.06.01 -> 2026.07.29
  558 pass, 18.5s
-> reports/DEM_B_DAO_UK100Cash.json

dao chieu -> duong ca hai doan: 16/557

TONG CHAN DUONG: 29 (goc 13 + dao 16)
-> reports/DEM_CHAN_DUONG_UK100Cash.json

########## CHANG C: ma tran tuong quan 29 chan

=== lo 0: 29 slot

ghep duoc 29 chuoi von
-> reports/DEM_C_MATRAN_UK100Cash.json

--- 10 he DON tot nhat ---
bearish_engulfing__dao                            169.54    0.48%    350.7
rsi_3_10                                          203.36    0.60%    341.1
rsi_2_3                                           196.19    0.64%    306.5
hoi_quy_trung_binh_xac_nhan_ong_luong_cat_lo_t    326.45    1.15%    283.9
aegis_quantum_lite__dao                            63.86    0.26%    243.7
fvg_sell_reversal                                  63.86    0.26%    243.7
mua_rsi14_tren_70__dao                             63.86    0.26%    243.7
rsi_overbought_reversal_from_wilder_smoothed_r     63.86    0.26%    243.7
rsi_overbought_sell                                63.86    0.26%    243.7
ban_quay_ve_keltner_low_vol                       158.04    0.99%    159.5

--- 15 CAP tot nhat ---
gamma_duong_keo_ve__dao        rsi_3_10                        -0.214    296.84    0.61%    487.9
gamma_duong_keo_ve__dao        rsi_2_3                         -0.188    289.67    0.61%    474.7
bearish_engulfing__dao         rsi_3_10                        +0.062    372.90    0.79%    472.6
aegis_quantum_lite__dao        bearish_engulfing__dao          -0.000    233.40    0.50%    464.6
bearish_engulfing__dao         fvg_sell_reversal               -0.000    233.40    0.50%    464.6
bearish_engulfing__dao         mua_rsi14_tren_70__dao          -0.000    233.40    0.50%    464.6
bearish_engulfing__dao         rsi_overbought_reversal_from_w  -0.000    233.40    0.50%    464.6
bearish_engulfing__dao         rsi_overbought_sell             -0.000    233.40    0.50%    464.6
bearish_engulfing__dao         hoi_quy_trung_binh_xac_nhan_on  -0.101    495.99    1.07%    464.3
hoi_quy_trung_binh_xac_nhan_on rsi_3_10                        -0.076    529.81    1.17%    451.1
aegis_quantum_lite__dao        rsi_2_3                         -0.001    260.05    0.59%    437.6
fvg_sell_reversal              rsi_2_3                         -0.001    260.05    0.59%    437.6
mua_rsi14_tren_70__dao         rsi_2_3                         -0.001    260.05    0.59%    437.6
rsi_2_3                        rsi_overbought_reversal_from_w  -0.001    260.05    0.59%    437.6
rsi_2_3                        rsi_overbought_sell             -0.001    260.05    0.59%    437.6

########## CHANG D: cong ra tien o sut giam 50-60%

=== cap 0: gamma_duong_keo_ve__dao + rsi_3_10
   ghep     dinh  18.93%/nam @ DD 36.81%  lot 0.0/16.0/16.0 | DD20  10.49%/nam @ DD 22.04%  lot 0.0/6.4/5.6 | 50-60%  16.03%/nam @ DD 50.73%  lot 0.0/2.4/16.0
   chi_a    dinh   9.47%/nam @ DD 51.07%  lot 0.0/16.0/0.0 | DD20   2.62%/nam @ DD 20.58%  lot 0.0/3.2/0.0 | 50-60%   9.47%/nam @ DD 51.07%  lot 0.0/16.0/0.0
   chi_b    dinh  15.44%/nam @ DD 42.27%  lot 0.0/0.0/16.0 | DD20   6.08%/nam @ DD 20.13%  lot 0.0/0.0/4.0 | 50-60%   --
   mua_giu  dinh  -0.32%/nam @ DD  7.20%  lot 0.1/0.0/0.0 | DD20  -0.99%/nam @ DD 21.25%  lot 0.3/0.0/0.0 | 50-60%  -2.88%/nam @ DD 54.47%  lot 0.8/0.0/0.0
-> reports/DEM_D_RA_TIEN_UK100Cash.json
=== cap 1: gamma_duong_keo_ve__dao + rsi_2_3
   ghep     dinh  18.69%/nam @ DD 44.02%  lot 0.0/16.0/16.0 | DD20   7.92%/nam @ DD 20.75%  lot 0.0/4.0/4.0 | 50-60%  17.21%/nam @ DD 51.11%  lot 0.0/8.8/16.0
   chi_a    dinh   9.47%/nam @ DD 51.07%  lot 0.0/16.0/0.0 | DD20   2.62%/nam @ DD 20.58%  lot 0.0/3.2/0.0 | 50-60%   9.47%/nam @ DD 51.07%  lot 0.0/16.0/0.0
   chi_b    dinh  15.13%/nam @ DD 70.35%  lot 0.0/0.0/16.0 | DD20   4.95%/nam @ DD 20.80%  lot 0.0/0.0/3.2 | 50-60%  12.75%/nam @ DD 58.70%  lot 0.0/0.0/12.0
   mua_giu  dinh  -0.32%/nam @ DD  7.20%  lot 0.1/0.0/0.0 | DD20  -0.99%/nam @ DD 21.25%  lot 0.3/0.0/0.0 | 50-60%  -2.88%/nam @ DD 54.47%  lot 0.8/0.0/0.0
-> reports/DEM_D_RA_TIEN_UK100Cash.json
=== cap 2: bearish_engulfing__dao + rsi_3_10
   ghep     dinh  21.23%/nam @ DD 28.97%  lot 0.0/16.0/16.0 | DD20  14.69%/nam @ DD 22.43%  lot 0.0/12.8/4.0 | 50-60%   --
   chi_a    dinh  13.89%/nam @ DD 28.70%  lot 0.0/16.0/0.0 | DD20   8.87%/nam @ DD 22.44%  lot 0.0/8.0/0.0 | 50-60%   --
   chi_b    dinh  15.44%/nam @ DD 42.27%  lot 0.0/0.0/16.0 | DD20   6.08%/nam @ DD 20.13%  lot 0.0/0.0/4.0 | 50-60%   --
   mua_giu  dinh  -0.32%/nam @ DD  7.20%  lot 0.1/0.0/0.0 | DD20  -0.99%/nam @ DD 21.25%  lot 0.3/0.0/0.0 | 50-60%  -2.88%/nam @ DD 54.47%  lot 0.8/0.0/0.0
-> reports/DEM_D_RA_TIEN_UK100Cash.json
=== cap 3: aegis_quantum_lite__dao + bearish_engulfing__dao
