
########## CHANG A: mo kho = 1354 co che

=== moKho train  2016.06.01 -> 2021.06.01
  1297 pass, 18.6s
=== moKho holdout  2021.06.01 -> 2026.07.29
  1297 pass, 18.5s
-> reports/DEM_A_MO_KHO_EU50Cash.json

chan DUONG ca hai doan : 43
chan AM   ca hai doan : 592

########## CHANG B: dao chieu 592 chan am

=== dao train  2016.06.01 -> 2021.06.01
  593 pass, 12.3s
=== dao holdout  2021.06.01 -> 2026.07.29
  593 pass, 18.4s
-> reports/DEM_B_DAO_EU50Cash.json

dao chieu -> duong ca hai doan: 51/592

TONG CHAN DUONG: 94 (goc 43 + dao 51)
-> reports/DEM_CHAN_DUONG_EU50Cash.json

########## CHANG C: ma tran tuong quan 94 chan

=== lo 0: 40 slot
=== lo 1: 40 slot
=== lo 2: 14 slot

ghep duoc 94 chuoi von
-> reports/DEM_C_MATRAN_EU50Cash.json

--- 10 he DON tot nhat ---
fast_sma_cuts_above_slow_sma                       54.68    0.10%    546.2
candle_body_wick_pressure_sell_divergence          91.84    0.20%    457.3
phan_ky_giam_gia_voi_bo_loc_xu_huong__dao         158.54    0.46%    345.7
he_thong_dung_lo_ong_theo_atr_giup_toi_uu_hoa_    314.74    1.03%    304.6
fvg_bearish_formation                             125.93    0.45%    278.1
ict_silver_bullet_fvg_short                       125.93    0.45%    278.1
quay_ve_keltner_low_vol                            92.36    0.35%    263.0
silver_bullet_bearish                              83.95    0.37%    229.0
ban_khi_sma5_cheo_xuong_sma8__dao                  50.00    0.23%    215.2
ban_theo_xu_huong_ema_phan_ky_nguoc__dao          122.91    0.60%    205.6

--- 15 CAP tot nhat ---
ban_khi_sma5_cheo_xuong_sma8__ fast_sma_cuts_above_slow_sma    +0.066    104.68    0.15%    707.1
phan_ky_giam_gia_voi_bo_loc_xu tai_can_bang_etf_don_bay__dao   -0.201    253.46    0.40%    639.3
candle_body_wick_pressure_sell fast_sma_cuts_above_slow_sma    -0.002    146.52    0.23%    628.1
candle_body_wick_pressure_sell phan_ky_giam_gia_voi_bo_loc_xu  -0.012    250.38    0.41%    611.3
ban_khi_sma5_cheo_xuong_sma8__ candle_body_wick_pressure_sell  -0.001    141.84    0.24%    579.4
fvg_bearish_formation          quay_ve_keltner_low_vol         -0.132    218.29    0.39%    562.5
ict_silver_bullet_fvg_short    quay_ve_keltner_low_vol         -0.132    218.29    0.39%    562.5
candle_body_wick_pressure_sell fvg_bearish_formation           +0.046    217.77    0.40%    540.0
candle_body_wick_pressure_sell ict_silver_bullet_fvg_short     +0.046    217.77    0.40%    540.0
phan_ky_giam_gia_voi_bo_loc_xu quay_ve_keltner_low_vol         +0.110    250.90    0.48%    526.6
he_thong_dung_lo_ong_theo_atr_ phan_ky_giam_gia_voi_bo_loc_xu  +0.159    473.28    0.90%    525.5
fvg_bearish_formation          tai_can_bang_gia_ngan_han_nguo  -0.396    276.59    0.54%    510.2
ict_silver_bullet_fvg_short    tai_can_bang_gia_ngan_han_nguo  -0.396    276.59    0.54%    510.2
candle_body_wick_pressure_sell pine_rsi_strategy_rsi12_tren_7  -0.001    109.07    0.21%    507.3
quay_ve_keltner_low_vol        volatility_regime_high          -0.120    164.31    0.32%    506.7

########## CHANG D: cong ra tien o sut giam 50-60%

=== cap 0: ban_khi_sma5_cheo_xuong_sma8__dao + fast_sma_cuts_above_slow_sma
   ghep     dinh  10.25%/nam @ DD 20.35%  lot 0.0/16.0/16.0 | DD20  10.25%/nam @ DD 20.35%  lot 0.0/16.0/16.0 | 50-60%   --
   chi_a    dinh   6.00%/nam @ DD 23.49%  lot 0.0/16.0/0.0 | DD20   5.52%/nam @ DD 22.11%  lot 0.0/14.4/0.0 | 50-60%   --
   chi_b    dinh   6.43%/nam @ DD 19.00%  lot 0.0/0.0/16.0 | DD20   6.43%/nam @ DD 19.00%  lot 0.0/0.0/16.0 | 50-60%   --
   mua_giu  dinh  -0.04%/nam @ DD  2.65%  lot 0.1/0.0/0.0 | DD20  -0.25%/nam @ DD 18.19%  lot 0.7/0.0/0.0 | 50-60%   --
-> reports/DEM_D_RA_TIEN_EU50Cash.json
=== cap 1: phan_ky_giam_gia_voi_bo_loc_xu_huo + tai_can_bang_etf_don_bay__dao
   ghep     dinh  17.44%/nam @ DD 19.01%  lot 0.0/16.0/16.0 | DD20  17.44%/nam @ DD 19.01%  lot 0.0/16.0/16.0 | 50-60%  15.56%/nam @ DD 50.01%  lot 0.0/16.0/8.0
   chi_a    dinh  13.35%/nam @ DD 27.24%  lot 0.0/16.0/0.0 | DD20   9.61%/nam @ DD 22.07%  lot 0.0/9.6/0.0 | 50-60%   --
   chi_b    dinh   9.61%/nam @ DD 35.13%  lot 0.0/0.0/16.0 | DD20   4.83%/nam @ DD 22.16%  lot 0.0/0.0/6.4 | 50-60%   --
   mua_giu  dinh  -0.04%/nam @ DD  2.65%  lot 0.1/0.0/0.0 | DD20  -0.25%/nam @ DD 18.19%  lot 0.7/0.0/0.0 | 50-60%   --
-> reports/DEM_D_RA_TIEN_EU50Cash.json
=== cap 2: candle_body_wick_pressure_sell_div + fast_sma_cuts_above_slow_sma
   ghep     dinh  12.65%/nam @ DD 17.12%  lot 0.0/16.0/16.0 | DD20   9.85%/nam @ DD 17.50%  lot 0.0/16.0/2.4 | 50-60%   --
   chi_a    dinh   9.29%/nam @ DD 18.33%  lot 0.0/16.0/0.0 | DD20   9.29%/nam @ DD 18.33%  lot 0.0/16.0/0.0 | 50-60%   --
   chi_b    dinh   6.43%/nam @ DD 19.00%  lot 0.0/0.0/16.0 | DD20   6.43%/nam @ DD 19.00%  lot 0.0/0.0/16.0 | 50-60%   --
   mua_giu  dinh  -0.04%/nam @ DD  2.65%  lot 0.1/0.0/0.0 | DD20  -0.25%/nam @ DD 18.19%  lot 0.7/0.0/0.0 | 50-60%   --
-> reports/DEM_D_RA_TIEN_EU50Cash.json
=== cap 3: candle_body_wick_pressure_sell_div + phan_ky_giam_gia_voi_bo_loc_xu_huo
   ghep     dinh  17.27%/nam @ DD 19.05%  lot 0.0/16.0/16.0 | DD20  17.27%/nam @ DD 19.05%  lot 0.0/16.0/16.0 | 50-60%   --
   chi_a    dinh   9.29%/nam @ DD 18.33%  lot 0.0/16.0/0.0 | DD20   9.29%/nam @ DD 18.33%  lot 0.0/16.0/0.0 | 50-60%   --
   chi_b    dinh  13.35%/nam @ DD 27.24%  lot 0.0/0.0/16.0 | DD20   9.61%/nam @ DD 22.07%  lot 0.0/0.0/9.6 | 50-60%   --
   mua_giu  dinh  -0.04%/nam @ DD  2.65%  lot 0.1/0.0/0.0 | DD20  -0.25%/nam @ DD 18.19%  lot 0.7/0.0/0.0 | 50-60%   --
-> reports/DEM_D_RA_TIEN_EU50Cash.json
=== cap 4: ban_khi_sma5_cheo_xuong_sma8__dao + candle_body_wick_pressure_sell_div
   ghep     dinh  12.39%/nam @ DD 12.02%  lot 0.0/16.0/16.0 | DD20   9.92%/nam @ DD 17.85%  lot 0.0/16.0/8.8 | 50-60%   --
   chi_a    dinh   6.00%/nam @ DD 23.49%  lot 0.0/16.0/0.0 | DD20   5.52%/nam @ DD 22.11%  lot 0.0/14.4/0.0 | 50-60%   --
   chi_b    dinh   9.29%/nam @ DD 18.33%  lot 0.0/0.0/16.0 | DD20   9.29%/nam @ DD 18.33%  lot 0.0/0.0/16.0 | 50-60%   --
   mua_giu  dinh  -0.04%/nam @ DD  2.65%  lot 0.1/0.0/0.0 | DD20  -0.25%/nam @ DD 18.19%  lot 0.7/0.0/0.0 | 50-60%   --
-> reports/DEM_D_RA_TIEN_EU50Cash.json
=== cap 5: fvg_bearish_formation + quay_ve_keltner_low_vol
   ghep     dinh  16.08%/nam @ DD 20.35%  lot 0.0/16.0/16.0 | DD20  16.08%/nam @ DD 20.35%  lot 0.0/16.0/16.0 | 50-60%   --
   chi_a    dinh  11.59%/nam @ DD 30.11%  lot 0.0/16.0/0.0 | DD20   7.18%/nam @ DD 21.92%  lot 0.0/8.0/0.0 | 50-60%   --
   chi_b    dinh   9.41%/nam @ DD 29.54%  lot 0.0/0.0/16.0 | DD20   6.49%/nam @ DD 22.26%  lot 0.0/0.0/9.6 | 50-60%   --
   mua_giu  dinh  -0.04%/nam @ DD  2.65%  lot 0.1/0.0/0.0 | DD20  -0.25%/nam @ DD 18.19%  lot 0.7/0.0/0.0 | 50-60%   --
-> reports/DEM_D_RA_TIEN_EU50Cash.json

XONG sau 17.3 phut
