166 chan duong
=== lo 0: 40 slot
=== lo 1: 40 slot
=== lo 2: 40 slot
=== lo 3: 40 slot
=== lo 4: 6 slot
-> reports/DEM_VON_GER40Cash.json (166 chan)

khu trung duong von: bo 35 chan
   alpha_beta_channel_tin_hieu_ban__dao     == ban_khong_theo_xu_huong_sma_20, ban_xu_huong_giam_theo_sma_20__dao, dao_dong_quanh_sma_20_ky
   ban_khi_stochastic_cat_xuong_50__dao     == ban_xac_nhan_qua_uong_giua_rsi__da
   adx_trend_pullback_ea_buy__dao           == cat_len_ma_xuat_hien__dao, vao_lenh_dai_khi_gia_pha_vo_len_tr
   adx_trend_pullback_ea_sell               == cat_xuong_ma_xuat_hien__dao, vao_lenh_ngan_khi_gia_thung_xuong_
   candlemove_sell__dao                     == consecutive_down_bars_signal__dao, heikin_ashi_bearish_candle__dao, martingale_level_1
   ema9_cat_len_ema21_2__dao                == ema9_cat_len_ema21__dao, ema_cross_ea5
   aegis_quantum_lite                       == fvg_sell_reversal__dao, mua_rsi14_tren_70, rsi_overbought_reversal_from_wilde
   ban_theo_xu_huong_giam__dao              == gia_duoi_ema50__dao
con 131 chan doc lap (tu 166)

--- 8 he DON tot nhat ---
macd_histogram_duong_2                            345.14    0.25%   1393.6
ban_pha_vo_inh_phien_ny__dao                      553.82    0.96%    574.1
aegis_quantum_lite                                236.19    0.43%    548.6
rsi_3_10                                          684.97    1.48%    464.0
fast_sma_cuts_above_slow_sma                      307.26    0.74%    417.0
mean_reversion_pullback_system                   1165.42    3.08%    378.6
ban_zscore20_close_duoi_am2__dao                  430.55    1.38%    312.7
adaptive_kalman_trend_filter_regime_bands         927.51    3.28%    283.0

--- 8 CAP tot nhat ---
macd_histogram_duong_2       + aegis_quantum_lite           r -0.01    581.33   0.44%   1325.8
macd_histogram_duong_2       + ban_pha_vo_inh_phien_ny__dao r -0.00    898.96   0.92%    972.4
ban_pha_vo_inh_phien_ny__dao + rsi_3_10                     r +0.03   1238.79   1.37%    901.7
macd_histogram_duong_2       + breakout_xu_huong_tang__dao  r -0.03    660.94   0.75%    883.8
ban_pha_vo_inh_phien_ny__dao + mua_rsi5_cheo_len_30__dao    r -0.00    993.93   1.22%    812.6
ban_pha_vo_inh_phien_ny__dao + breakout_xu_huong_tang__dao  r -0.00    869.62   1.08%    805.5
macd_histogram_duong_2       + rsi_3_10                     r -0.00   1030.11   1.30%    795.1
ban_pha_vo_inh_phien_ny__dao + fast_sma_cuts_above_slow_sma r +0.01    861.08   1.08%    793.7

--- 10 BO BA tot nhat ---
macd_histogram_duong_2   + aegis_quantum_lite       + breakout_xu_huong_tang__    897.13   0.67%   1344.7
ban_pha_vo_inh_phien_ny_ + fast_sma_cuts_above_slow + rsi_ban_qua_mua            1177.09   0.88%   1340.8
macd_histogram_duong_2   + ban_pha_vo_inh_phien_ny_ + fast_sma_cuts_above_slow   1206.22   0.92%   1316.1
ban_pha_vo_inh_phien_ny_ + rsi_3_10                 + rsi_ban_qua_mua            1554.80   1.23%   1263.6
macd_histogram_duong_2   + ban_pha_vo_inh_phien_ny_ + rsi_3_10                   1583.93   1.27%   1251.1
macd_histogram_duong_2   + ban_pha_vo_inh_phien_ny_ + aegis_quantum_lite         1135.15   0.93%   1224.3
macd_histogram_duong_2   + rsi_3_10                 + breakout_xu_huong_tang__   1345.91   1.16%   1163.9
ban_pha_vo_inh_phien_ny_ + rsi_3_10                 + breakout_xu_huong_tang__   1554.59   1.34%   1156.3
macd_histogram_duong_2   + ban_pha_vo_inh_phien_ny_ + rsi_ban_qua_mua            1214.97   1.06%   1140.5
ban_pha_vo_inh_phien_ny_ + rsi_3_10                 + mua_rsi5_cheo_len_30__da   1678.90   1.49%   1124.2

don 1393.6  |  cap 1325.8 (x0.95)  |  bo ba 1344.7 (x0.96)
-> reports/BOBA_GER40Cash.json

=== bo ba 0: macd_histogram_duong_2 + aegis_quantum_lite + breakout_xu_huong_tang__da
   ba_chan             31.01%/nam @ DD 10.62%  lot 0.0/16.0/16.0/16.0  (353 lenh)
   mot_chan_tot_nhat   20.44%/nam @ DD 26.64%  lot 0.0/16.0/0.0/0.0  (56 lenh)
   mua_giu              3.37%/nam @ DD 91.97%  lot 1.2/0.0/0.0/0.0  (6 lenh)
-> reports/BOBA_RA_TIEN_GER40Cash.json

=== bo ba 1: ban_pha_vo_inh_phien_ny__d + fast_sma_cuts_above_slow_s + rsi_ban_qua_mua
   ba_chan             34.48%/nam @ DD 13.36%  lot 0.0/16.0/16.0/16.0  (337 lenh)
   mot_chan_tot_nhat   25.48%/nam @ DD 32.94%  lot 0.0/16.0/0.0/0.0  (119 lenh)
   mua_giu              3.37%/nam @ DD 91.97%  lot 1.2/0.0/0.0/0.0  (6 lenh)
-> reports/BOBA_RA_TIEN_GER40Cash.json

=== bo ba 2: macd_histogram_duong_2 + ban_pha_vo_inh_phien_ny__d + fast_sma_cuts_above_slow_s
   ba_chan             34.79%/nam @ DD 12.12%  lot 0.0/16.0/16.0/16.0  (245 lenh)
   mot_chan_tot_nhat   25.48%/nam @ DD 32.94%  lot 0.0/0.0/16.0/0.0  (119 lenh)
   mua_giu              3.37%/nam @ DD 91.97%  lot 1.2/0.0/0.0/0.0  (6 lenh)
-> reports/BOBA_RA_TIEN_GER40Cash.json

=== bo ba 3: ban_pha_vo_inh_phien_ny__d + rsi_3_10 + rsi_ban_qua_mua
