{
  "tru": "SEEKER",
  "so_nguon": 13,
  "nguon_uu_tien_cao": [
    "SSRN - Financial Economics/Trading",
    "Darwinex (1000 DARWIN)",
    "Myfxbook Autotrade/Verified"
  ],
  "so_ung_vien_qua_loc": 30,
  "ung_vien_top": [
    {
      "a": "VAJJ",
      "url": "https://www.darwinex.com/darwin/VAJJ",
      "loi_pct": 144.1,
      "dd_pct": -15.8,
      "diem": 1.636
    },
    {
      "a": "AACU",
      "url": "https://www.darwinex.com/darwin/AACU",
      "loi_pct": 119.3,
      "dd_pct": -8.9,
      "diem": 1.619
    },
    {
      "a": "XKA",
      "url": "https://www.darwinex.com/darwin/XKA",
      "loi_pct": 64.0,
      "dd_pct": -6.1,
      "diem": 1.414
    },
    {
      "a": "PHRT",
      "url": "https://www.darwinex.com/darwin/PHRT",
      "loi_pct": 60.2,
      "dd_pct": -5.2,
      "diem": 1.39
    },
    {
      "a": "LSP",
      "url": "https://www.darwinex.com/darwin/LSP",
      "loi_pct": 67.3,
      "dd_pct": -12.6,
      "diem": 1.384
    },
    {
      "a": "QEEU",
      "url": "https://www.darwinex.com/darwin/QEEU",
      "loi_pct": 72.3,
      "dd_pct": -7.3,
      "diem": 1.315
    },
    {
      "a": "MQOH",
      "url": "https://www.darwinex.com/darwin/MQOH",
      "loi_pct": 52.2,
      "dd_pct": -11.9,
      "diem": 1.245
    },
    {
      "a": "CFZ",
      "url": "https://www.darwinex.com/darwin/CFZ",
      "loi_pct": 46.4,
      "dd_pct": -9.5,
      "diem": 1.239
    },
    {
      "a": "MLTY",
      "url": "https://www.darwinex.com/darwin/MLTY",
      "loi_pct": 64.0,
      "dd_pct": -7.1,
      "diem": 1.224
    },
    {
      "a": "EJL",
      "url": "https://www.darwinex.com/darwin/EJL",
      "loi_pct": 48.7,
      "dd_pct": -12.9,
      "diem": 1.195
    }
  ],
  "goi_y_keyword": []
}
