# kiem_bo
# Chay bo kiem thu toan lab
# python -m pytest -q

................................... [  2%]
.................................................................. [  7%]
........................................................................ [ 12%]
..................................................................... [ 17%]
.................................................................. [ 22%]
.................................................................... [ 27%]
........................................................................ [ 32%]
..............s.................................................................... [ 38%]
.................................................................... [ 43%]
......................................................................................................... [ 50%]
........................................................F............... [ 56%]
............................................................ [ 60%]
......................................................................................................................... [ 69%]
............................ [ 71%]
........................................................................ [ 76%]
................................................................F....... [ 81%]
............................................ [ 84%]
................................ [ 87%]
........................................................................ [ 92%]
........................................................................ [ 97%]
...................................                                      [100%]
================================== FAILURES ===================================
_ MoiModuleDeuCoNguoiKiem.test_module_moi_khong_duoc_ra_doi_ma_khong_co_test __

self = <test_hien_phap.MoiModuleDeuCoNguoiKiem testMethod=test_module_moi_khong_duoc_ra_doi_ma_khong_co_test>

    def test_module_moi_khong_duoc_ra_doi_ma_khong_co_test(self):
        thieu = sorted(k for k, n in self._ban_do().items()
                       if n == 0 and k not in CHUA_CO_TEST)
>       self.assertEqual(
            thieu, [],
            "module khong co file test nao nhac den, va khong nam trong "
            "CHUA_CO_TEST:\n  " + "\n  ".join(thieu) +
            "\n\nViet test, hoac them vao CHUA_CO_TEST kem ly do.")
E       AssertionError: Lists differ: ['nhan/dap_quan_tri.py', 'nhan/ho_so_mua_v[76 chars].py'] != []
E       
E       First list contains 5 additional elements.
E       First extra element 0:
E       'nhan/dap_quan_tri.py'
E       
E       + []
E       - ['nhan/dap_quan_tri.py',
E       -  'nhan/ho_so_mua_vu.py',
E       -  'nhan/ho_so_song.py',
E       -  'nhan/ho_so_tuong_quan.py',
E       -  'nhan/quy_luat_song.py'] : module khong co file test nao nhac den, va khong nam trong CHUA_CO_TEST:
E         nhan/dap_quan_tri.py
E         nhan/ho_so_mua_vu.py
E         nhan/ho_so_song.py
E         nhan/ho_so_tuong_quan.py
E         nhan/quy_luat_song.py
E       
E       Viet test, hoac them vao CHUA_CO_TEST kem ly do.

test_hien_phap.py:128: AssertionError
_______________ test_lan_TESTER_trong_bang_that_deu_co_han_gio ________________

    def test_lan_TESTER_trong_bang_that_deu_co_han_gio():
        """Tester treo 2 gio ma chi ton 12 giay CPU (het dia) - khong han gio thi he
        dung im ca ngay."""
        for v in BV.BangViec().ds:
            if v["lan"] == "TESTER":
>               assert v["toi_da_phut"] <= 480, v["ma"]
E               AssertionError: R1_doi_chung_slot
E               assert 1440 <= 480

test_qwen_dieu_phoi.py:165: AssertionError
============================== warnings summary ===============================
test_ma_nguon_sach.py::MaNguonSach::test_moi_file_deu_bien_dich_duoc
  <unknown>:6: SyntaxWarning: "\L" is an invalid escape sequence. Such sequences will not work in the future. Did you mean "\\L"? A raw string is also an option.

-- Docs: https://docs.pytest.org/en/stable/how-to/capture-warnings.html
=========================== short test summary info ===========================
FAILED test_hien_phap.py::MoiModuleDeuCoNguoiKiem::test_module_moi_khong_duoc_ra_doi_ma_khong_co_test
FAILED test_qwen_dieu_phoi.py::test_lan_TESTER_trong_bang_that_deu_co_han_gio
2 failed, 1381 passed, 1 skipped, 1 warning, 523 subtests passed in 1009.38s (0:16:49)
