# qt_v2
# Quet quan tri D1 voi chan troi 10 bar
# python _quet_quan_tri.py D1 0 10

chay 154/159 ma trong 11s

HO 1 - CAU TRUC VAO LENH (dd20 = lai %%/nam quy ve cung sut giam 20%%)
CAU TRUC          MA    DD20 TV   DD20 TOT   DUONG  HON MOC   SHARPE
dca_deu          154     -0.487     95.558      41       27   -0.147
dca_von          154     -0.514    118.876      42       27   -0.169
thi_truong       154     -0.534     36.467      45       25   -0.108
hai_dau_oco      154     -0.689     26.135      34       15   -0.260
hai_dau_giu      154     -0.704     30.145      34       16   -0.261
nhanh            154     -0.746     55.933      18       11   -0.181
tt_hedge         154     -0.766     25.046      23        9   -0.355

HO 2 - LUAT QUAN TRI
LUAT                      MA    DD20 TV   DD20 TOT   DUONG  HON MOC   SHARPE
khong_gi                 154     -0.557     99.802      37       20   -0.185
sl2_tp4_chot1            154     -0.648     49.991      40       16   -0.240
sl3_trail2               154     -0.651    105.455      30       17   -0.259
sl2_tp4                  154     -0.653     49.931      35       19   -0.219
sl2_tp4_hue1             154     -0.655     49.946      37       20   -0.238
sl2_trail1               154     -0.655     94.915      38       23   -0.205
sl2_tp6_hue2_trail2      154     -0.712     54.205      33       17   -0.263
chot_nhanh_sl1_tp1       154     -0.792     61.713      26       15   -0.332

-> C:\Users\SV STORE\Downloads\Research SP500\lab\reports\QUET_QUAN_TRI_D1.json
