# tq_h1
# Q3 tuong quan H1
# python -m nhan.ho_so_tuong_quan H1

gom 20/159 ma · 8606 hang
tinh 153 cap trong 3s

153 cap · on dinh trung vi 0.918
  cap cao bi loai vi TRUNG CONG CU: 1/12
  cap am bi loai vi QUAN HE CO HOC: 4/9
  cap TUONG QUAN CAO (>= 0.7): 11   <- dung chay hai he tren ca hai
  cap TUONG QUAN AM  (<= -0.3): 5   <- ung vien GHEP

10 cap CAO nhat (r · on dinh · bien do · bar chung):
  XAUUSD|XAUUSDM                 +0.985  1.00  0.006  2908
  XAUEURM|XAUGBPM                +0.957  1.00  0.043  1217
  XAUEURM|XAUUSDM                +0.919  1.00  0.056  1217
  XAUAUDM|XAUGBPM                +0.903  0.95  0.074  1217
  XAUEURM|XAUUSD                 +0.901  1.00  0.053  1217
  XAUAUDM|XAUEURM                +0.900  1.00  0.074  1217
  XAUGBPM|XAUUSDM                +0.896  0.92  0.093  1217
  XAUGBPM|XAUUSD                 +0.879  0.92  0.091  1217
  XAUAUDM|XAUUSDM                +0.840  0.86  0.120  1217
  XAUAUDM|XAUUSD                 +0.820  0.87  0.119  1217

10 cap AM nhat - ung vien ghep:
  AUDCHF|EURNZD                  -0.495  0.69  0.189  3493
  USDJPY|XAUUSDM                 -0.383  0.78  0.152  2910
  AUDCHF|EURCAD                  -0.365  0.88  0.129  3490
  AUDCAD|EURNZD                  -0.358  0.81  0.146  3487
  EURNZD|US500M                  -0.332  1.00  0.081  1674

-> C:\Users\SV STORE\Downloads\Research SP500\lab\reports\HO_SO_TUONG_QUAN_D1.json
